Component: ARM Compiler 5.06 update 3 (build 300) Tool: armlink [4d35c9]

==============================================================================

Section Cross References

    main.o(i.HIGH) refers to main.o(i.RGB_LED_HIGH) for RGB_LED_HIGH
    main.o(i.HIGH) refers to main.o(i.RGB_LED_LOW) for RGB_LED_LOW
    main.o(i.HIGH) refers to main.o(.data) for ns_delay
    main.o(i.LOW) refers to main.o(i.RGB_LED_HIGH) for RGB_LED_HIGH
    main.o(i.LOW) refers to main.o(i.RGB_LED_LOW) for RGB_LED_LOW
    main.o(i.LOW) refers to main.o(.data) for ns_delay
    main.o(i.RGB_LED_Reset) refers to main.o(i.RGB_LED_LOW) for RGB_LED_LOW
    main.o(i.RGB_LED_Reset) refers to delay.o(i.delay_ms) for delay_ms
    main.o(i.light) refers to main.o(i.two) for two
    main.o(i.light) refers to main.o(i.whole) for whole
    main.o(i.light) refers to main.o(.data) for i
    main.o(i.light) refers to main.o(.bss) for x
    main.o(i.main) refers to sys.o(i.Cache_Enable) for Cache_Enable
    main.o(i.main) refers to stm32h7xx_hal.o(i.HAL_Init) for HAL_Init
    main.o(i.main) refers to sys.o(i.Stm32_Clock_Init) for Stm32_Clock_Init
    main.o(i.main) refers to usart.o(i.uart_init) for uart_init
    main.o(i.main) refers to delay.o(i.delay_init) for delay_init
    main.o(i.main) refers to led.o(i.LED_Init) for LED_Init
    main.o(i.main) refers to key.o(i.KEY_Init) for KEY_Init
    main.o(i.main) refers to main.o(i.light) for light
    main.o(i.main) refers to key.o(i.KEY_Scan) for KEY_Scan
    main.o(i.main) refers to delay.o(i.delay_ms) for delay_ms
    main.o(i.main) refers to main.o(i.stay) for stay
    main.o(i.main) refers to main.o(.bss) for n00
    main.o(i.main) refers to main.o(.data) for n2
    main.o(i.stay) refers to main.o(.bss) for n5
    main.o(i.whole) refers to main.o(i.HIGH) for HIGH
    main.o(i.whole) refers to main.o(i.LOW) for LOW
    main.o(i.whole) refers to main.o(.data) for i
    stm32h7xx_it.o(i.SysTick_Handler) refers to stm32h7xx_hal.o(i.HAL_IncTick) for HAL_IncTick
    system_stm32h7xx.o(i.SystemCoreClockUpdate) refers to system_stm32h7xx.o(.data) for SystemCoreClock
    system_stm32h7xx.o(i.SystemCoreClockUpdate) refers to system_stm32h7xx.o(.constdata) for D1CorePrescTable
    startup_stm32h743xx.o(STACK) refers (Special) to heapauxi.o(.text) for __use_two_region_memory
    startup_stm32h743xx.o(HEAP) refers (Special) to heapauxi.o(.text) for __use_two_region_memory
    startup_stm32h743xx.o(RESET) refers (Special) to heapauxi.o(.text) for __use_two_region_memory
    startup_stm32h743xx.o(RESET) refers to startup_stm32h743xx.o(STACK) for __initial_sp
    startup_stm32h743xx.o(RESET) refers to startup_stm32h743xx.o(.text) for Reset_Handler
    startup_stm32h743xx.o(RESET) refers to stm32h7xx_it.o(i.NMI_Handler) for NMI_Handler
    startup_stm32h743xx.o(RESET) refers to stm32h7xx_it.o(i.HardFault_Handler) for HardFault_Handler
    startup_stm32h743xx.o(RESET) refers to stm32h7xx_it.o(i.MemManage_Handler) for MemManage_Handler
    startup_stm32h743xx.o(RESET) refers to stm32h7xx_it.o(i.BusFault_Handler) for BusFault_Handler
    startup_stm32h743xx.o(RESET) refers to stm32h7xx_it.o(i.UsageFault_Handler) for UsageFault_Handler
    startup_stm32h743xx.o(RESET) refers to stm32h7xx_it.o(i.SVC_Handler) for SVC_Handler
    startup_stm32h743xx.o(RESET) refers to stm32h7xx_it.o(i.DebugMon_Handler) for DebugMon_Handler
    startup_stm32h743xx.o(RESET) refers to stm32h7xx_it.o(i.PendSV_Handler) for PendSV_Handler
    startup_stm32h743xx.o(RESET) refers to stm32h7xx_it.o(i.SysTick_Handler) for SysTick_Handler
    startup_stm32h743xx.o(RESET) refers to usart.o(i.USART1_IRQHandler) for USART1_IRQHandler
    startup_stm32h743xx.o(.text) refers (Special) to heapauxi.o(.text) for __use_two_region_memory
    startup_stm32h743xx.o(.text) refers to system_stm32h7xx.o(i.SystemInit) for SystemInit
    startup_stm32h743xx.o(.text) refers to __main.o(!!!main) for __main
    startup_stm32h743xx.o(.text) refers to startup_stm32h743xx.o(HEAP) for Heap_Mem
    startup_stm32h743xx.o(.text) refers to startup_stm32h743xx.o(STACK) for Stack_Mem
    delay.o(i.delay_init) refers to stm32h7xx_hal_cortex.o(i.HAL_SYSTICK_CLKSourceConfig) for HAL_SYSTICK_CLKSourceConfig
    delay.o(i.delay_init) refers to delay.o(.data) for fac_us
    delay.o(i.delay_ms) refers to delay.o(i.delay_us) for delay_us
    delay.o(i.delay_us) refers to delay.o(.data) for fac_us
    sys.o(i.Cache_Enable) refers to sys.o(i.SCB_EnableICache) for SCB_EnableICache
    sys.o(i.Cache_Enable) refers to sys.o(i.SCB_EnableDCache) for SCB_EnableDCache
    sys.o(i.Stm32_Clock_Init) refers to stm32h7xx_hal_rcc.o(i.HAL_RCC_OscConfig) for HAL_RCC_OscConfig
    sys.o(i.Stm32_Clock_Init) refers to stm32h7xx_hal_rcc.o(i.HAL_RCC_ClockConfig) for HAL_RCC_ClockConfig
    sys.o(i.Stm32_Clock_Init) refers to stm32h7xx_hal.o(i.HAL_EnableCompensationCell) for HAL_EnableCompensationCell
    usart.o(i.HAL_UART_MspInit) refers to stm32h7xx_hal_gpio.o(i.HAL_GPIO_Init) for HAL_GPIO_Init
[...]
    Removing stm32h7xx_hal_pwr_ex.o(i.HAL_PWREx_WKUP4_Callback), (2 bytes).
    Removing stm32h7xx_hal_pwr_ex.o(i.HAL_PWREx_WKUP5_Callback), (2 bytes).
    Removing stm32h7xx_hal_pwr_ex.o(i.HAL_PWREx_WKUP6_Callback), (2 bytes).
    Removing stm32h7xx_hal_pwr_ex.o(.constdata), (48 bytes).
    Removing stm32h7xx_hal_rcc.o(.rev16_text), (4 bytes).
    Removing stm32h7xx_hal_rcc.o(.revsh_text), (4 bytes).
    Removing stm32h7xx_hal_rcc.o(.rrx_text), (6 bytes).
    Removing stm32h7xx_hal_rcc.o(i.HAL_RCC_CSSCallback), (2 bytes).
    Removing stm32h7xx_hal_rcc.o(i.HAL_RCC_DeInit), (112 bytes).
    Removing stm32h7xx_hal_rcc.o(i.HAL_RCC_EnableCSS), (20 bytes).
    Removing stm32h7xx_hal_rcc.o(i.HAL_RCC_GetClockConfig), (108 bytes).
    Removing stm32h7xx_hal_rcc.o(i.HAL_RCC_GetOscConfig), (460 bytes).
    Removing stm32h7xx_hal_rcc.o(i.HAL_RCC_MCOConfig), (188 bytes).
    Removing stm32h7xx_hal_rcc.o(i.HAL_RCC_NMI_IRQHandler), (36 bytes).
    Removing stm32h7xx_hal_rcc.o(.constdata), (48 bytes).
    Removing stm32h7xx_hal_rcc_ex.o(.rev16_text), (4 bytes).
    Removing stm32h7xx_hal_rcc_ex.o(.revsh_text), (4 bytes).
    Removing stm32h7xx_hal_rcc_ex.o(.rrx_text), (6 bytes).
    Removing stm32h7xx_hal_rcc_ex.o(i.HAL_RCCEx_CRSConfig), (116 bytes).
    Removing stm32h7xx_hal_rcc_ex.o(i.HAL_RCCEx_CRSGetSynchronizationInfo), (80 bytes).
    Removing stm32h7xx_hal_rcc_ex.o(i.HAL_RCCEx_CRSSoftwareSynchronizationGenerate), (20 bytes).
    Removing stm32h7xx_hal_rcc_ex.o(i.HAL_RCCEx_CRSWaitSynchronization), (212 bytes).
    Removing stm32h7xx_hal_rcc_ex.o(i.HAL_RCCEx_CRS_ErrorCallback), (2 bytes).
    Removing stm32h7xx_hal_rcc_ex.o(i.HAL_RCCEx_CRS_ExpectedSyncCallback), (2 bytes).
    Removing stm32h7xx_hal_rcc_ex.o(i.HAL_RCCEx_CRS_IRQHandler), (156 bytes).
    Removing stm32h7xx_hal_rcc_ex.o(i.HAL_RCCEx_CRS_SyncOkCallback), (2 bytes).
    Removing stm32h7xx_hal_rcc_ex.o(i.HAL_RCCEx_CRS_SyncWarnCallback), (2 bytes).
    Removing stm32h7xx_hal_rcc_ex.o(i.HAL_RCCEx_DisableLSECSS), (36 bytes).
    Removing stm32h7xx_hal_rcc_ex.o(i.HAL_RCCEx_EnableLSECSS), (20 bytes).
    Removing stm32h7xx_hal_rcc_ex.o(i.HAL_RCCEx_GetD1PCLK1Freq), (44 bytes).
    Removing stm32h7xx_hal_rcc_ex.o(i.HAL_RCCEx_GetPLL1ClockFreq), (548 bytes).
    Removing stm32h7xx_hal_rcc_ex.o(i.HAL_RCCEx_GetPeriphCLKConfig), (752 bytes).
    Removing stm32h7xx_hal_rcc_ex.o(i.HAL_RCCEx_GetPeriphCLKFreq), (652 bytes).
    Removing stm32h7xx_hal_rcc_ex.o(i.HAL_RCCEx_KerWakeUpStopCLKConfig), (20 bytes).
    Removing stm32h7xx_hal_rcc_ex.o(i.HAL_RCCEx_PeriphCLKConfig), (2872 bytes).
    Removing stm32h7xx_hal_rcc_ex.o(i.HAL_RCCEx_WWDGxSysResetConfig), (16 bytes).
    Removing stm32h7xx_hal_rcc_ex.o(i.HAL_RCCEx_WakeUpStopCLKConfig), (20 bytes).
    Removing stm32h7xx_hal_rcc_ex.o(i.RCCEx_PLL2_Config), (304 bytes).
    Removing stm32h7xx_hal_rcc_ex.o(i.RCCEx_PLL3_Config), (304 bytes).
    Removing stm32h7xx_hal_rcc_ex.o(.constdata), (48 bytes).
    Removing stm32h7xx_hal_uart.o(.rev16_text), (4 bytes).
    Removing stm32h7xx_hal_uart.o(.revsh_text), (4 bytes).
    Removing stm32h7xx_hal_uart.o(.rrx_text), (6 bytes).
    Removing stm32h7xx_hal_uart.o(i.HAL_HalfDuplex_EnableReceiver), (74 bytes).
    Removing stm32h7xx_hal_uart.o(i.HAL_HalfDuplex_EnableTransmitter), (74 bytes).
    Removing stm32h7xx_hal_uart.o(i.HAL_HalfDuplex_Init), (124 bytes).
    Removing stm32h7xx_hal_uart.o(i.HAL_LIN_Init), (160 bytes).
    Removing stm32h7xx_hal_uart.o(i.HAL_LIN_SendBreak), (62 bytes).
    Removing stm32h7xx_hal_uart.o(i.HAL_MultiProcessor_DisableMuteMode), (58 bytes).
    Removing stm32h7xx_hal_uart.o(i.HAL_MultiProcessor_EnableMuteMode), (58 bytes).
    Removing stm32h7xx_hal_uart.o(i.HAL_MultiProcessor_EnterMuteMode), (14 bytes).
    Removing stm32h7xx_hal_uart.o(i.HAL_MultiProcessor_Init), (148 bytes).
    Removing stm32h7xx_hal_uart.o(i.HAL_UART_Abort), (140 bytes).
    Removing stm32h7xx_hal_uart.o(i.HAL_UART_AbortCpltCallback), (2 bytes).
    Removing stm32h7xx_hal_uart.o(i.HAL_UART_AbortReceive), (92 bytes).
    Removing stm32h7xx_hal_uart.o(i.HAL_UART_AbortReceiveCpltCallback), (2 bytes).
    Removing stm32h7xx_hal_uart.o(i.HAL_UART_AbortReceive_IT), (140 bytes).
    Removing stm32h7xx_hal_uart.o(i.HAL_UART_AbortTransmit), (82 bytes).
    Removing stm32h7xx_hal_uart.o(i.HAL_UART_AbortTransmitCpltCallback), (2 bytes).
    Removing stm32h7xx_hal_uart.o(i.HAL_UART_AbortTransmit_IT), (124 bytes).
    Removing stm32h7xx_hal_uart.o(i.HAL_UART_Abort_IT), (228 bytes).
    Removing stm32h7xx_hal_uart.o(i.HAL_UART_DMAPause), (122 bytes).
    Removing stm32h7xx_hal_uart.o(i.HAL_UART_DMAResume), (108 bytes).
    Removing stm32h7xx_hal_uart.o(i.HAL_UART_DMAStop), (100 bytes).
    Removing stm32h7xx_hal_uart.o(i.HAL_UART_DeInit), (72 bytes).
    Removing stm32h7xx_hal_uart.o(i.HAL_UART_GetError), (6 bytes).
    Removing stm32h7xx_hal_uart.o(i.HAL_UART_MspDeInit), (2 bytes).
    Removing stm32h7xx_hal_uart.o(i.HAL_UART_MspInit), (2 bytes).
    Removing stm32h7xx_hal_uart.o(i.HAL_UART_Receive), (274 bytes).
    Removing stm32h7xx_hal_uart.o(i.HAL_UART_Receive_DMA), (168 bytes).
    Removing stm32h7xx_hal_uart.o(i.HAL_UART_RxCpltCallback), (2 bytes).
    Removing stm32h7xx_hal_uart.o(i.HAL_UART_RxHalfCpltCallback), (2 bytes).
    Removing stm32h7xx_hal_uart.o(i.HAL_UART_Transmit), (198 bytes).
    Removing stm32h7xx_hal_uart.o(i.HAL_UART_Transmit_DMA), (156 bytes).
    Removing stm32h7xx_hal_uart.o(i.HAL_UART_Transmit_IT), (114 bytes).
    Removing stm32h7xx_hal_uart.o(i.HAL_UART_TxHalfCpltCallback), (2 bytes).
    Removing stm32h7xx_hal_uart.o(i.UART_DMAError), (92 bytes).
    Removing stm32h7xx_hal_uart.o(i.UART_DMAReceiveCplt), (70 bytes).
    Removing stm32h7xx_hal_uart.o(i.UART_DMARxAbortCallback), (60 bytes).
    Removing stm32h7xx_hal_uart.o(i.UART_DMARxHalfCplt), (14 bytes).
    Removing stm32h7xx_hal_uart.o(i.UART_DMARxOnlyAbortCallback), (32 bytes).
    Removing stm32h7xx_hal_uart.o(i.UART_DMATransmitCplt), (54 bytes).
    Removing stm32h7xx_hal_uart.o(i.UART_DMATxAbortCallback), (60 bytes).
    Removing stm32h7xx_hal_uart.o(i.UART_DMATxHalfCplt), (14 bytes).
    Removing stm32h7xx_hal_uart.o(i.UART_DMATxOnlyAbortCallback), (26 bytes).
    Removing stm32h7xx_hal_uart.o(i.UART_EndTxTransfer), (20 bytes).
    Removing stm32h7xx_hal_uart_ex.o(.rev16_text), (4 bytes).
    Removing stm32h7xx_hal_uart_ex.o(.revsh_text), (4 bytes).
    Removing stm32h7xx_hal_uart_ex.o(.rrx_text), (6 bytes).
    Removing stm32h7xx_hal_uart_ex.o(i.HAL_MultiProcessorEx_AddressLength_Set), (64 bytes).
    Removing stm32h7xx_hal_uart_ex.o(i.HAL_RS485Ex_Init), (156 bytes).
    Removing stm32h7xx_hal_uart_ex.o(i.HAL_UARTEx_DisableStopMode), (62 bytes).
    Removing stm32h7xx_hal_uart_ex.o(i.HAL_UARTEx_EnableStopMode), (62 bytes).
    Removing stm32h7xx_hal_uart_ex.o(i.HAL_UARTEx_StopModeWakeUpSourceConfig), (282 bytes).
    Removing stm32h7xx_hal_uart_ex.o(i.UARTEx_Wakeup_AddressConfig), (38 bytes).
    Removing stm32h7xx_hal_uart_ex.o(.constdata), (48 bytes).
    Removing stm32h7xx_hal_usart.o(.rev16_text), (4 bytes).
    Removing stm32h7xx_hal_usart.o(.revsh_text), (4 bytes).
    Removing stm32h7xx_hal_usart.o(.rrx_text), (6 bytes).
    Removing stm32h7xx_hal_usart.o(i.HAL_USART_Abort), (136 bytes).
    Removing stm32h7xx_hal_usart.o(i.HAL_USART_AbortCpltCallback), (2 bytes).
    Removing stm32h7xx_hal_usart.o(i.HAL_USART_Abort_IT), (228 bytes).
    Removing stm32h7xx_hal_usart.o(i.HAL_USART_DMAPause), (154 bytes).
    Removing stm32h7xx_hal_usart.o(i.HAL_USART_DMAResume), (130 bytes).
    Removing stm32h7xx_hal_usart.o(i.HAL_USART_DMAStop), (64 bytes).
    Removing stm32h7xx_hal_usart.o(i.HAL_USART_DeInit), (56 bytes).
    Removing stm32h7xx_hal_usart.o(i.HAL_USART_ErrorCallback), (2 bytes).
    Removing stm32h7xx_hal_usart.o(i.HAL_USART_GetError), (6 bytes).
    Removing stm32h7xx_hal_usart.o(i.HAL_USART_GetState), (8 bytes).
    Removing stm32h7xx_hal_usart.o(i.HAL_USART_IRQHandler), (504 bytes).
    Removing stm32h7xx_hal_usart.o(i.HAL_USART_Init), (118 bytes).
    Removing stm32h7xx_hal_usart.o(i.HAL_USART_MspDeInit), (2 bytes).
    Removing stm32h7xx_hal_usart.o(i.HAL_USART_MspInit), (2 bytes).
    Removing stm32h7xx_hal_usart.o(i.HAL_USART_Receive), (304 bytes).
    Removing stm32h7xx_hal_usart.o(i.HAL_USART_Receive_DMA), (224 bytes).
    Removing stm32h7xx_hal_usart.o(i.HAL_USART_Receive_IT), (254 bytes).
    Removing stm32h7xx_hal_usart.o(i.HAL_USART_RxCpltCallback), (2 bytes).
    Removing stm32h7xx_hal_usart.o(i.HAL_USART_RxHalfCpltCallback), (2 bytes).
    Removing stm32h7xx_hal_usart.o(i.HAL_USART_Transmit), (198 bytes).
    Removing stm32h7xx_hal_usart.o(i.HAL_USART_TransmitReceive), (520 bytes).
    Removing stm32h7xx_hal_usart.o(i.HAL_USART_TransmitReceive_DMA), (240 bytes).
    Removing stm32h7xx_hal_usart.o(i.HAL_USART_TransmitReceive_IT), (232 bytes).
    Removing stm32h7xx_hal_usart.o(i.HAL_USART_Transmit_DMA), (152 bytes).
    Removing stm32h7xx_hal_usart.o(i.HAL_USART_Transmit_IT), (114 bytes).
    Removing stm32h7xx_hal_usart.o(i.HAL_USART_TxCpltCallback), (2 bytes).
    Removing stm32h7xx_hal_usart.o(i.HAL_USART_TxHalfCpltCallback), (2 bytes).
    Removing stm32h7xx_hal_usart.o(i.HAL_USART_TxRxCpltCallback), (2 bytes).
    Removing stm32h7xx_hal_usart.o(i.USART_CheckIdleState), (112 bytes).
    Removing stm32h7xx_hal_usart.o(i.USART_DMAAbortOnError), (24 bytes).
    Removing stm32h7xx_hal_usart.o(i.USART_DMAError), (44 bytes).
    Removing stm32h7xx_hal_usart.o(i.USART_DMAReceiveCplt), (122 bytes).
    Removing stm32h7xx_hal_usart.o(i.USART_DMARxAbortCallback), (58 bytes).
    Removing stm32h7xx_hal_usart.o(i.USART_DMARxHalfCplt), (14 bytes).
    Removing stm32h7xx_hal_usart.o(i.USART_DMATransmitCplt), (70 bytes).
    Removing stm32h7xx_hal_usart.o(i.USART_DMATxAbortCallback), (58 bytes).
    Removing stm32h7xx_hal_usart.o(i.USART_DMATxHalfCplt), (14 bytes).
    Removing stm32h7xx_hal_usart.o(i.USART_EndTransfer), (36 bytes).
    Removing stm32h7xx_hal_usart.o(i.USART_EndTransmit_IT), (44 bytes).
    Removing stm32h7xx_hal_usart.o(i.USART_Receive_IT), (122 bytes).
    Removing stm32h7xx_hal_usart.o(i.USART_SetConfig), (872 bytes).
    Removing stm32h7xx_hal_usart.o(i.USART_TransmitReceive_IT), (240 bytes).
    Removing stm32h7xx_hal_usart.o(i.USART_Transmit_IT), (118 bytes).
    Removing stm32h7xx_hal_usart.o(i.USART_WaitOnFlagUntilTimeout), (104 bytes).
    Removing stm32h7xx_hal_usart.o(.constdata), (48 bytes).
    Removing led.o(.rev16_text), (4 bytes).
    Removing led.o(.revsh_text), (4 bytes).
    Removing led.o(.rrx_text), (6 bytes).
    Removing led.o(.constdata), (48 bytes).
    Removing key.o(.rev16_text), (4 bytes).
    Removing key.o(.revsh_text), (4 bytes).
    Removing key.o(.rrx_text), (6 bytes).
    Removing key.o(.constdata), (48 bytes).

380 unused section(s) (total 32414 bytes) removed from the image.

==============================================================================

Image Symbol Table

    Local Symbols

    Symbol Name                              Value     Ov Type        Size  Object(Section)

    ../clib/angel/boardlib.s                 0x00000000   Number         0  boardshut.o ABSOLUTE
    ../clib/angel/boardlib.s                 0x00000000   Number         0  boardinit2.o ABSOLUTE
    ../clib/angel/boardlib.s                 0x00000000   Number         0  boardinit1.o ABSOLUTE
    ../clib/angel/boardlib.s                 0x00000000   Number         0  boardinit3.o ABSOLUTE
    ../clib/angel/dczerorl2.s                0x00000000   Number         0  __dczerorl2.o ABSOLUTE
    ../clib/angel/handlers.s                 0x00000000   Number         0  __scatter_zi.o ABSOLUTE
    ../clib/angel/kernel.s                   0x00000000   Number         0  __rtentry.o ABSOLUTE
    ../clib/angel/kernel.s                   0x00000000   Number         0  rtexit2.o ABSOLUTE
    ../clib/angel/kernel.s                   0x00000000   Number         0  __rtentry4.o ABSOLUTE
    ../clib/angel/kernel.s                   0x00000000   Number         0  rtexit.o ABSOLUTE
    ../clib/angel/kernel.s                   0x00000000   Number         0  __rtentry2.o ABSOLUTE
    ../clib/angel/rt.s                       0x00000000   Number         0  rt_div0.o ABSOLUTE
    ../clib/angel/rt.s                       0x00000000   Number         0  rt_raise.o ABSOLUTE
    ../clib/angel/rt.s                       0x00000000   Number         0  aeabi_ldiv0_sigfpe.o ABSOLUTE
    ../clib/angel/rt.s                       0x00000000   Number         0  aeabi_ldiv0.o ABSOLUTE
    ../clib/angel/scatter.s                  0x00000000   Number         0  __scatter.o ABSOLUTE
    ../clib/angel/startup.s                  0x00000000   Number         0  __main.o ABSOLUTE
    ../clib/angel/sys.s                      0x00000000   Number         0  use_no_semi.o ABSOLUTE
    ../clib/angel/sys.s                      0x00000000   Number         0  indicate_semi.o ABSOLUTE
    ../clib/angel/sys.s                      0x00000000   Number         0  libspace.o ABSOLUTE
    ../clib/angel/sys.s                      0x00000000   Number         0  sys_stackheap_outer.o ABSOLUTE
    ../clib/angel/sysapp.c                   0x00000000   Number         0  sys_command.o ABSOLUTE
    ../clib/angel/sysapp.c                   0x00000000   Number         0  sys_wrch.o ABSOLUTE
    ../clib/armsys.c                         0x00000000   Number         0  _get_argv_nomalloc.o ABSOLUTE
    ../clib/armsys.c                         0x00000000   Number         0  no_argv.o ABSOLUTE
    ../clib/armsys.c                         0x00000000   Number         0  argv_veneer.o ABSOLUTE
    ../clib/armsys.c                         0x00000000   Number         0  argv_veneer.o ABSOLUTE
    ../clib/heapalloc.c                      0x00000000   Number         0  hrguard.o ABSOLUTE
    ../clib/heapaux.c                        0x00000000   Number         0  heapauxi.o ABSOLUTE
    ../clib/libinit.s                        0x00000000   Number         0  libshutdown.o ABSOLUTE
    ../clib/libinit.s                        0x00000000   Number         0  libinit.o ABSOLUTE
    ../clib/libinit.s                        0x00000000   Number         0  libshutdown2.o ABSOLUTE
    ../clib/libinit.s                        0x00000000   Number         0  libinit2.o ABSOLUTE
    ../clib/longlong.s                       0x00000000   Number         0  lludivv7m.o ABSOLUTE
    ../clib/signal.c                         0x00000000   Number         0  defsig_pvfn_inner.o ABSOLUTE
    ../clib/signal.c                         0x00000000   Number         0  defsig_stak_inner.o ABSOLUTE
    ../clib/signal.c                         0x00000000   Number         0  defsig_rtmem_formal.o ABSOLUTE
    ../clib/signal.c                         0x00000000   Number         0  defsig_rtmem_inner.o ABSOLUTE
    ../clib/signal.c                         0x00000000   Number         0  defsig_rtred_inner.o ABSOLUTE
    ../clib/signal.c                         0x00000000   Number         0  defsig_abrt_inner.o ABSOLUTE
    ../clib/signal.c                         0x00000000   Number         0  defsig_general.o ABSOLUTE
    ../clib/signal.c                         0x00000000   Number         0  __raise.o ABSOLUTE
    ../clib/signal.c                         0x00000000   Number         0  defsig_fpe_inner.o ABSOLUTE
    ../clib/signal.c                         0x00000000   Number         0  defsig_exit.o ABSOLUTE
    ../clib/signal.c                         0x00000000   Number         0  defsig_fpe_formal.o ABSOLUTE
    ../clib/signal.c                         0x00000000   Number         0  defsig_fpe_outer.o ABSOLUTE
    ../clib/signal.c                         0x00000000   Number         0  defsig_rtmem_outer.o ABSOLUTE
    ../clib/signal.c                         0x00000000   Number         0  defsig_other.o ABSOLUTE
    ../clib/signal.c                         0x00000000   Number         0  defsig_segv_inner.o ABSOLUTE
    ../clib/signal.c                         0x00000000   Number         0  defsig_cppl_inner.o ABSOLUTE
    ../clib/signal.s                         0x00000000   Number         0  defsig.o ABSOLUTE
    ../clib/stdlib.c                         0x00000000   Number         0  exit.o ABSOLUTE
    ../fplib/fpinit.s                        0x00000000   Number         0  fpinit.o ABSOLUTE
    ..\CORE\startup_stm32h743xx.s            0x00000000   Number         0  startup_stm32h743xx.o ABSOLUTE
    ..\HALLIB\STM32H7xx_HAL_Driver\Src\stm32h7xx_hal.c 0x00000000   Number         0  stm32h7xx_hal.o ABSOLUTE
    ..\HALLIB\STM32H7xx_HAL_Driver\Src\stm32h7xx_hal_cortex.c 0x00000000   Number         0  stm32h7xx_hal_cortex.o ABSOLUTE
    ..\HALLIB\STM32H7xx_HAL_Driver\Src\stm32h7xx_hal_dma.c 0x00000000   Number         0  stm32h7xx_hal_dma.o ABSOLUTE
    ..\HALLIB\STM32H7xx_HAL_Driver\Src\stm32h7xx_hal_dma_ex.c 0x00000000   Number         0  stm32h7xx_hal_dma_ex.o ABSOLUTE
    ..\HALLIB\STM32H7xx_HAL_Driver\Src\stm32h7xx_hal_gpio.c 0x00000000   Number         0  stm32h7xx_hal_gpio.o ABSOLUTE
    ..\HALLIB\STM32H7xx_HAL_Driver\Src\stm32h7xx_hal_mdma.c 0x00000000   Number         0  stm32h7xx_hal_mdma.o ABSOLUTE
    ..\HALLIB\STM32H7xx_HAL_Driver\Src\stm32h7xx_hal_pwr.c 0x00000000   Number         0  stm32h7xx_hal_pwr.o ABSOLUTE
    ..\HALLIB\STM32H7xx_HAL_Driver\Src\stm32h7xx_hal_pwr_ex.c 0x00000000   Number         0  stm32h7xx_hal_pwr_ex.o ABSOLUTE
    ..\HALLIB\STM32H7xx_HAL_Driver\Src\stm32h7xx_hal_rcc.c 0x00000000   Number         0  stm32h7xx_hal_rcc.o ABSOLUTE
    ..\HALLIB\STM32H7xx_HAL_Driver\Src\stm32h7xx_hal_rcc_ex.c 0x00000000   Number         0  stm32h7xx_hal_rcc_ex.o ABSOLUTE
    ..\HALLIB\STM32H7xx_HAL_Driver\Src\stm32h7xx_hal_uart.c 0x00000000   Number         0  stm32h7xx_hal_uart.o ABSOLUTE
    ..\HALLIB\STM32H7xx_HAL_Driver\Src\stm32h7xx_hal_uart_ex.c 0x00000000   Number         0  stm32h7xx_hal_uart_ex.o ABSOLUTE
    ..\HALLIB\STM32H7xx_HAL_Driver\Src\stm32h7xx_hal_usart.c 0x00000000   Number         0  stm32h7xx_hal_usart.o ABSOLUTE
    ..\HARDWARE\KEY\key.c                    0x00000000   Number         0  key.o ABSOLUTE
    ..\HARDWARE\LED\led.c                    0x00000000   Number         0  led.o ABSOLUTE
    ..\SYSTEM\delay\delay.c                  0x00000000   Number         0  delay.o ABSOLUTE
    ..\SYSTEM\sys\sys.c                      0x00000000   Number         0  sys.o ABSOLUTE
    ..\SYSTEM\usart\usart.c                  0x00000000   Number         0  usart.o ABSOLUTE
    ..\\HALLIB\\STM32H7xx_HAL_Driver\\Src\\stm32h7xx_hal.c 0x00000000   Number         0  stm32h7xx_hal.o ABSOLUTE
    ..\\HALLIB\\STM32H7xx_HAL_Driver\\Src\\stm32h7xx_hal_cortex.c 0x00000000   Number         0  stm32h7xx_hal_cortex.o ABSOLUTE
    ..\\HALLIB\\STM32H7xx_HAL_Driver\\Src\\stm32h7xx_hal_dma.c 0x00000000   Number         0  stm32h7xx_hal_dma.o ABSOLUTE
    ..\\HALLIB\\STM32H7xx_HAL_Driver\\Src\\stm32h7xx_hal_dma_ex.c 0x00000000   Number         0  stm32h7xx_hal_dma_ex.o ABSOLUTE
    ..\\HALLIB\\STM32H7xx_HAL_Driver\\Src\\stm32h7xx_hal_gpio.c 0x00000000   Number         0  stm32h7xx_hal_gpio.o ABSOLUTE
    ..\\HALLIB\\STM32H7xx_HAL_Driver\\Src\\stm32h7xx_hal_mdma.c 0x00000000   Number         0  stm32h7xx_hal_mdma.o ABSOLUTE
    ..\\HALLIB\\STM32H7xx_HAL_Driver\\Src\\stm32h7xx_hal_pwr.c 0x00000000   Number         0  stm32h7xx_hal_pwr.o ABSOLUTE
    ..\\HALLIB\\STM32H7xx_HAL_Driver\\Src\\stm32h7xx_hal_pwr_ex.c 0x00000000   Number         0  stm32h7xx_hal_pwr_ex.o ABSOLUTE
    ..\\HALLIB\\STM32H7xx_HAL_Driver\\Src\\stm32h7xx_hal_rcc.c 0x00000000   Number         0  stm32h7xx_hal_rcc.o ABSOLUTE
    ..\\HALLIB\\STM32H7xx_HAL_Driver\\Src\\stm32h7xx_hal_rcc_ex.c 0x00000000   Number         0  stm32h7xx_hal_rcc_ex.o ABSOLUTE
    ..\\HALLIB\\STM32H7xx_HAL_Driver\\Src\\stm32h7xx_hal_uart.c 0x00000000   Number         0  stm32h7xx_hal_uart.o ABSOLUTE
    ..\\HALLIB\\STM32H7xx_HAL_Driver\\Src\\stm32h7xx_hal_uart_ex.c 0x00000000   Number         0  stm32h7xx_hal_uart_ex.o ABSOLUTE
    ..\\HALLIB\\STM32H7xx_HAL_Driver\\Src\\stm32h7xx_hal_usart.c 0x00000000   Number         0  stm32h7xx_hal_usart.o ABSOLUTE
    ..\\HARDWARE\\KEY\\key.c                 0x00000000   Number         0  key.o ABSOLUTE
    ..\\HARDWARE\\LED\\led.c                 0x00000000   Number         0  led.o ABSOLUTE
    ..\\SYSTEM\\delay\\delay.c               0x00000000   Number         0  delay.o ABSOLUTE
    ..\\SYSTEM\\sys\\sys.c                   0x00000000   Number         0  sys.o ABSOLUTE
    ..\\SYSTEM\\usart\\usart.c               0x00000000   Number         0  usart.o ABSOLUTE
    dc.s                                     0x00000000   Number         0  dc.o ABSOLUTE
    main.c                                   0x00000000   Number         0  main.o ABSOLUTE
    main.c                                   0x00000000   Number         0  main.o ABSOLUTE
    stm32h7xx_hal_msp.c                      0x00000000   Number         0  stm32h7xx_hal_msp.o ABSOLUTE
    stm32h7xx_hal_msp.c                      0x00000000   Number         0  stm32h7xx_hal_msp.o ABSOLUTE
    stm32h7xx_it.c                           0x00000000   Number         0  stm32h7xx_it.o ABSOLUTE
    stm32h7xx_it.c                           0x00000000   Number         0  stm32h7xx_it.o ABSOLUTE
    system_stm32h7xx.c                       0x00000000   Number         0  system_stm32h7xx.o ABSOLUTE
    system_stm32h7xx.c                       0x00000000   Number         0  system_stm32h7xx.o ABSOLUTE
    RESET                                    0x08000000   Section      664  startup_stm32h743xx.o(RESET)
    !!!main                                  0x08000298   Section        8  __main.o(!!!main)
    !!!scatter                               0x080002a0   Section       52  __scatter.o(!!!scatter)
    !!dczerorl2                              0x080002d4   Section       90  __dczerorl2.o(!!dczerorl2)
    !!handler_zi                             0x08000330   Section       28  __scatter_zi.o(!!handler_zi)
    .ARM.Collect$$libinit$$00000000          0x0800034c   Section        2  libinit.o(.ARM.Collect$$libinit$$00000000)
    .ARM.Collect$$libinit$$00000001          0x0800034e   Section        4  libinit2.o(.ARM.Collect$$libinit$$00000001)
    .ARM.Collect$$libinit$$00000004          0x08000352   Section        0  libinit2.o(.ARM.Collect$$libinit$$00000004)
    .ARM.Collect$$libinit$$0000000A          0x08000352   Section        0  libinit2.o(.ARM.Collect$$libinit$$0000000A)
    .ARM.Collect$$libinit$$0000000C          0x08000352   Section        0  libinit2.o(.ARM.Collect$$libinit$$0000000C)
    .ARM.Collect$$libinit$$0000000E          0x08000352   Section        0  libinit2.o(.ARM.Collect$$libinit$$0000000E)
    .ARM.Collect$$libinit$$00000011          0x08000352   Section        0  libinit2.o(.ARM.Collect$$libinit$$00000011)
    .ARM.Collect$$libinit$$00000013          0x08000352   Section        0  libinit2.o(.ARM.Collect$$libinit$$00000013)
    .ARM.Collect$$libinit$$00000015          0x08000352   Section        0  libinit2.o(.ARM.Collect$$libinit$$00000015)
    .ARM.Collect$$libinit$$00000017          0x08000352   Section        0  libinit2.o(.ARM.Collect$$libinit$$00000017)
    .ARM.Collect$$libinit$$00000019          0x08000352   Section        0  libinit2.o(.ARM.Collect$$libinit$$00000019)
    .ARM.Collect$$libinit$$0000001B          0x08000352   Section        0  libinit2.o(.ARM.Collect$$libinit$$0000001B)
    .ARM.Collect$$libinit$$0000001D          0x08000352   Section        0  libinit2.o(.ARM.Collect$$libinit$$0000001D)
    .ARM.Collect$$libinit$$0000001F          0x08000352   Section        0  libinit2.o(.ARM.Collect$$libinit$$0000001F)
    .ARM.Collect$$libinit$$00000021          0x08000352   Section        0  libinit2.o(.ARM.Collect$$libinit$$00000021)
    .ARM.Collect$$libinit$$00000023          0x08000352   Section        0  libinit2.o(.ARM.Collect$$libinit$$00000023)
    .ARM.Collect$$libinit$$00000025          0x08000352   Section        0  libinit2.o(.ARM.Collect$$libinit$$00000025)
    .ARM.Collect$$libinit$$0000002C          0x08000352   Section        0  libinit2.o(.ARM.Collect$$libinit$$0000002C)
    .ARM.Collect$$libinit$$0000002E          0x08000352   Section        0  libinit2.o(.ARM.Collect$$libinit$$0000002E)
    .ARM.Collect$$libinit$$00000030          0x08000352   Section        0  libinit2.o(.ARM.Collect$$libinit$$00000030)
    .ARM.Collect$$libinit$$00000032          0x08000352   Section        0  libinit2.o(.ARM.Collect$$libinit$$00000032)
    .ARM.Collect$$libinit$$00000033          0x08000352   Section        2  libinit2.o(.ARM.Collect$$libinit$$00000033)
    .ARM.Collect$$libshutdown$$00000000      0x08000354   Section        2  libshutdown.o(.ARM.Collect$$libshutdown$$00000000)
    .ARM.Collect$$libshutdown$$00000002      0x08000356   Section        0  libshutdown2.o(.ARM.Collect$$libshutdown$$00000002)
    .ARM.Collect$$libshutdown$$00000004      0x08000356   Section        0  libshutdown2.o(.ARM.Collect$$libshutdown$$00000004)
    .ARM.Collect$$libshutdown$$00000007      0x08000356   Section        0  libshutdown2.o(.ARM.Collect$$libshutdown$$00000007)
    .ARM.Collect$$libshutdown$$0000000A      0x08000356   Section        0  libshutdown2.o(.ARM.Collect$$libshutdown$$0000000A)
    .ARM.Collect$$libshutdown$$0000000C      0x08000356   Section        0  libshutdown2.o(.ARM.Collect$$libshutdown$$0000000C)
    .ARM.Collect$$libshutdown$$0000000F      0x08000356   Section        0  libshutdown2.o(.ARM.Collect$$libshutdown$$0000000F)
    .ARM.Collect$$libshutdown$$00000010      0x08000356   Section        2  libshutdown2.o(.ARM.Collect$$libshutdown$$00000010)
    .ARM.Collect$$rtentry$$00000000          0x08000358   Section        0  __rtentry.o(.ARM.Collect$$rtentry$$00000000)
    .ARM.Collect$$rtentry$$00000002          0x08000358   Section        0  __rtentry2.o(.ARM.Collect$$rtentry$$00000002)
    .ARM.Collect$$rtentry$$00000004          0x08000358   Section        6  __rtentry4.o(.ARM.Collect$$rtentry$$00000004)
    .ARM.Collect$$rtentry$$00000009          0x0800035e   Section        0  __rtentry2.o(.ARM.Collect$$rtentry$$00000009)
    .ARM.Collect$$rtentry$$0000000A          0x0800035e   Section        4  __rtentry2.o(.ARM.Collect$$rtentry$$0000000A)
    .ARM.Collect$$rtentry$$0000000C          0x08000362   Section        0  __rtentry2.o(.ARM.Collect$$rtentry$$0000000C)
    .ARM.Collect$$rtentry$$0000000D          0x08000362   Section        8  __rtentry2.o(.ARM.Collect$$rtentry$$0000000D)
    .ARM.Collect$$rtexit$$00000000           0x0800036a   Section        2  rtexit.o(.ARM.Collect$$rtexit$$00000000)
    .ARM.Collect$$rtexit$$00000002           0x0800036c   Section        0  rtexit2.o(.ARM.Collect$$rtexit$$00000002)
    .ARM.Collect$$rtexit$$00000003           0x0800036c   Section        4  rtexit2.o(.ARM.Collect$$rtexit$$00000003)
    .ARM.Collect$$rtexit$$00000004           0x08000370   Section        6  rtexit2.o(.ARM.Collect$$rtexit$$00000004)
    .text                                    0x08000378   Section       64  startup_stm32h743xx.o(.text)
    $v0                                      0x08000378   Number         0  startup_stm32h743xx.o(.text)
    .text                                    0x080003b8   Section      238  lludivv7m.o(.text)
    .text                                    0x080004a6   Section        0  heapauxi.o(.text)
    .text                                    0x080004ac   Section       74  sys_stackheap_outer.o(.text)
    .text                                    0x080004f6   Section        0  exit.o(.text)
    .text                                    0x08000508   Section        8  libspace.o(.text)
    i.BusFault_Handler                       0x08000510   Section        0  stm32h7xx_it.o(i.BusFault_Handler)
    i.Cache_Enable                           0x08000514   Section        0  sys.o(i.Cache_Enable)
    i.DebugMon_Handler                       0x08000530   Section        0  stm32h7xx_it.o(i.DebugMon_Handler)
    i.HAL_DMA_Abort_IT                       0x08000534   Section        0  stm32h7xx_hal_dma.o(i.HAL_DMA_Abort_IT)
    i.HAL_EnableCompensationCell             0x0800062c   Section        0  stm32h7xx_hal.o(i.HAL_EnableCompensationCell)
    i.HAL_GPIO_Init                          0x08000640   Section        0  stm32h7xx_hal_gpio.o(i.HAL_GPIO_Init)
    i.HAL_GPIO_ReadPin                       0x0800088c   Section        0  stm32h7xx_hal_gpio.o(i.HAL_GPIO_ReadPin)
    i.HAL_GetTick                            0x0800089c   Section        0  stm32h7xx_hal.o(i.HAL_GetTick)
    i.HAL_IncTick                            0x080008a8   Section        0  stm32h7xx_hal.o(i.HAL_IncTick)
    i.HAL_Init                               0x080008c0   Section        0  stm32h7xx_hal.o(i.HAL_Init)
    i.HAL_InitTick                           0x080008dc   Section        0  stm32h7xx_hal.o(i.HAL_InitTick)
    i.HAL_MspInit                            0x08000928   Section        0  stm32h7xx_hal_msp.o(i.HAL_MspInit)
    i.HAL_NVIC_EnableIRQ                     0x0800092a   Section        0  stm32h7xx_hal_cortex.o(i.HAL_NVIC_EnableIRQ)
    i.HAL_NVIC_SetPriority                   0x0800094a   Section        0  stm32h7xx_hal_cortex.o(i.HAL_NVIC_SetPriority)
    i.HAL_NVIC_SetPriorityGrouping           0x080009c4   Section        0  stm32h7xx_hal_cortex.o(i.HAL_NVIC_SetPriorityGrouping)
    i.HAL_RCCEx_GetD1SysClockFreq            0x080009ec   Section        0  stm32h7xx_hal_rcc_ex.o(i.HAL_RCCEx_GetD1SysClockFreq)
    i.HAL_RCCEx_GetD3PCLK1Freq               0x08000a24   Section        0  stm32h7xx_hal_rcc_ex.o(i.HAL_RCCEx_GetD3PCLK1Freq)
    i.HAL_RCCEx_GetPLL2ClockFreq             0x08000a50   Section        0  stm32h7xx_hal_rcc_ex.o(i.HAL_RCCEx_GetPLL2ClockFreq)
    i.HAL_RCCEx_GetPLL3ClockFreq             0x08000c7c   Section        0  stm32h7xx_hal_rcc_ex.o(i.HAL_RCCEx_GetPLL3ClockFreq)
    i.HAL_RCC_ClockConfig                    0x08000ea8   Section        0  stm32h7xx_hal_rcc.o(i.HAL_RCC_ClockConfig)
    i.HAL_RCC_GetHCLKFreq                    0x080010f8   Section        0  stm32h7xx_hal_rcc.o(i.HAL_RCC_GetHCLKFreq)
    i.HAL_RCC_GetPCLK1Freq                   0x08001130   Section        0  stm32h7xx_hal_rcc.o(i.HAL_RCC_GetPCLK1Freq)
    i.HAL_RCC_GetPCLK2Freq                   0x0800115c   Section        0  stm32h7xx_hal_rcc.o(i.HAL_RCC_GetPCLK2Freq)
    i.HAL_RCC_GetSysClockFreq                0x08001188   Section        0  stm32h7xx_hal_rcc.o(i.HAL_RCC_GetSysClockFreq)
    i.HAL_RCC_OscConfig                      0x080013cc   Section        0  stm32h7xx_hal_rcc.o(i.HAL_RCC_OscConfig)
    i.HAL_SYSTICK_CLKSourceConfig            0x08001a90   Section        0  stm32h7xx_hal_cortex.o(i.HAL_SYSTICK_CLKSourceConfig)
    i.HAL_SYSTICK_Config                     0x08001ab8   Section        0  stm32h7xx_hal_cortex.o(i.HAL_SYSTICK_Config)
    i.HAL_UARTEx_WakeupCallback              0x08001aec   Section        0  stm32h7xx_hal_uart_ex.o(i.HAL_UARTEx_WakeupCallback)
    i.HAL_UART_ErrorCallback                 0x08001aee   Section        0  stm32h7xx_hal_uart.o(i.HAL_UART_ErrorCallback)
    i.HAL_UART_GetState                      0x08001af0   Section        0  stm32h7xx_hal_uart.o(i.HAL_UART_GetState)
    i.HAL_UART_IRQHandler                    0x08001b04   Section        0  stm32h7xx_hal_uart.o(i.HAL_UART_IRQHandler)
    i.HAL_UART_Init                          0x08001cc0   Section        0  stm32h7xx_hal_uart.o(i.HAL_UART_Init)
    i.HAL_UART_MspInit                       0x08001d38   Section        0  usart.o(i.HAL_UART_MspInit)
    i.HAL_UART_Receive_IT                    0x08001dd0   Section        0  stm32h7xx_hal_uart.o(i.HAL_UART_Receive_IT)
    i.HAL_UART_RxCpltCallback                0x08001eb0   Section        0  usart.o(i.HAL_UART_RxCpltCallback)
    i.HAL_UART_TxCpltCallback                0x08001f38   Section        0  stm32h7xx_hal_uart.o(i.HAL_UART_TxCpltCallback)
    i.HIGH                                   0x08001f3c   Section        0  main.o(i.HIGH)
    i.HardFault_Handler                      0x08001fa4   Section        0  stm32h7xx_it.o(i.HardFault_Handler)
    i.KEY_Init                               0x08001fa8   Section        0  key.o(i.KEY_Init)
    i.KEY_Scan                               0x08002050   Section        0  key.o(i.KEY_Scan)
    i.LED_Init                               0x08002120   Section        0  led.o(i.LED_Init)
    i.LOW                                    0x08002160   Section        0  main.o(i.LOW)
    i.MemManage_Handler                      0x080021bc   Section        0  stm32h7xx_it.o(i.MemManage_Handler)
    i.NMI_Handler                            0x080021c0   Section        0  stm32h7xx_it.o(i.NMI_Handler)
    i.PendSV_Handler                         0x080021c2   Section        0  stm32h7xx_it.o(i.PendSV_Handler)
    i.RGB_LED_HIGH                           0x080021c4   Section        0  main.o(i.RGB_LED_HIGH)
    i.RGB_LED_LOW                            0x080021d4   Section        0  main.o(i.RGB_LED_LOW)
    i.SCB_EnableDCache                       0x080021e4   Section        0  sys.o(i.SCB_EnableDCache)
    SCB_EnableDCache                         0x080021e5   Thumb Code   148  sys.o(i.SCB_EnableDCache)
    i.SCB_EnableICache                       0x08002280   Section        0  sys.o(i.SCB_EnableICache)
    SCB_EnableICache                         0x08002281   Thumb Code   116  sys.o(i.SCB_EnableICache)
    i.SVC_Handler                            0x080022fc   Section        0  stm32h7xx_it.o(i.SVC_Handler)
    i.Stm32_Clock_Init                       0x08002300   Section        0  sys.o(i.Stm32_Clock_Init)
    i.SysTick_Handler                        0x080023f8   Section        0  stm32h7xx_it.o(i.SysTick_Handler)
    i.SystemInit                             0x08002400   Section        0  system_stm32h7xx.o(i.SystemInit)
    i.UART_AdvFeatureConfig                  0x08002494   Section        0  stm32h7xx_hal_uart.o(i.UART_AdvFeatureConfig)
    i.UART_CheckIdleState                    0x0800257e   Section        0  stm32h7xx_hal_uart.o(i.UART_CheckIdleState)
    i.UART_DMAAbortOnError                   0x080025f2   Section        0  stm32h7xx_hal_uart.o(i.UART_DMAAbortOnError)
    UART_DMAAbortOnError                     0x080025f3   Thumb Code    24  stm32h7xx_hal_uart.o(i.UART_DMAAbortOnError)
    i.UART_EndRxTransfer                     0x0800260a   Section        0  stm32h7xx_hal_uart.o(i.UART_EndRxTransfer)
    UART_EndRxTransfer                       0x0800260b   Thumb Code    32  stm32h7xx_hal_uart.o(i.UART_EndRxTransfer)
    i.UART_EndTransmit_IT                    0x0800262a   Section        0  stm32h7xx_hal_uart.o(i.UART_EndTransmit_IT)
    UART_EndTransmit_IT                      0x0800262b   Thumb Code    32  stm32h7xx_hal_uart.o(i.UART_EndTransmit_IT)
    i.UART_Receive_IT                        0x0800264a   Section        0  stm32h7xx_hal_uart.o(i.UART_Receive_IT)
    UART_Receive_IT                          0x0800264b   Thumb Code   138  stm32h7xx_hal_uart.o(i.UART_Receive_IT)
    i.UART_SetConfig                         0x080026d4   Section        0  stm32h7xx_hal_uart.o(i.UART_SetConfig)
    i.UART_Transmit_IT                       0x08003078   Section        0  stm32h7xx_hal_uart.o(i.UART_Transmit_IT)
    UART_Transmit_IT                         0x08003079   Thumb Code   130  stm32h7xx_hal_uart.o(i.UART_Transmit_IT)
    i.UART_WaitOnFlagUntilTimeout            0x080030fa   Section        0  stm32h7xx_hal_uart.o(i.UART_WaitOnFlagUntilTimeout)
    i.USART1_IRQHandler                      0x08003168   Section        0  usart.o(i.USART1_IRQHandler)
    i.UsageFault_Handler                     0x080031b8   Section        0  stm32h7xx_it.o(i.UsageFault_Handler)
    i.__NVIC_GetPriorityGrouping             0x080031bc   Section        0  stm32h7xx_hal_cortex.o(i.__NVIC_GetPriorityGrouping)
    __NVIC_GetPriorityGrouping               0x080031bd   Thumb Code    10  stm32h7xx_hal_cortex.o(i.__NVIC_GetPriorityGrouping)
    i.__NVIC_SetPriority                     0x080031cc   Section        0  stm32h7xx_hal_cortex.o(i.__NVIC_SetPriority)
    __NVIC_SetPriority                       0x080031cd   Thumb Code    32  stm32h7xx_hal_cortex.o(i.__NVIC_SetPriority)
    i._sys_exit                              0x080031f4   Section        0  usart.o(i._sys_exit)
    i.delay_init                             0x080031f8   Section        0  delay.o(i.delay_init)
    i.delay_ms                               0x0800320c   Section        0  delay.o(i.delay_ms)
    i.delay_us                               0x08003224   Section        0  delay.o(i.delay_us)
    i.light                                  0x0800326c   Section        0  main.o(i.light)
    i.main                                   0x08003304   Section        0  main.o(i.main)
    i.stay                                   0x080033e4   Section        0  main.o(i.stay)
    i.two                                    0x08003424   Section        0  main.o(i.two)
    i.uart_init                              0x080034f4   Section        0  usart.o(i.uart_init)
    i.whole                                  0x0800352c   Section        0  main.o(i.whole)
    x$fpl$fpinit                             0x080035b8   Section       10  fpinit.o(x$fpl$fpinit)
    $v0                                      0x080035b8   Number         0  fpinit.o(x$fpl$fpinit)
    .constdata                               0x080035c2   Section       64  system_stm32h7xx.o(.constdata)
    UARTPrescTable                           0x080035c2   Data          24  system_stm32h7xx.o(.constdata)
    USARTPrescTable                          0x080035da   Data          24  system_stm32h7xx.o(.constdata)
    .constdata                               0x08003602   Section       48  stm32h7xx_hal_uart.o(.constdata)
    UARTPrescTable                           0x08003602   Data          24  stm32h7xx_hal_uart.o(.constdata)
    USARTPrescTable                          0x0800361a   Data          24  stm32h7xx_hal_uart.o(.constdata)
    .data                                    0x24000000   Section    23360  main.o(.data)
    .data                                    0x24005b40   Section        8  system_stm32h7xx.o(.data)
    .data                                    0x24005b48   Section        4  delay.o(.data)
    fac_us                                   0x24005b48   Data           4  delay.o(.data)
    .data                                    0x24005b4c   Section        7  usart.o(.data)
    .data                                    0x24005b54   Section        9  stm32h7xx_hal.o(.data)
    uwTick                                   0x24005b54   Data           4  stm32h7xx_hal.o(.data)
    uwTickPrio                               0x24005b58   Data           4  stm32h7xx_hal.o(.data)
    uwTickFreq                               0x24005b5c   Data           1  stm32h7xx_hal.o(.data)
    .data                                    0x24005b5d   Section        1  key.o(.data)
    key_up                                   0x24005b5d   Data           1  key.o(.data)
    .bss                                     0x24005b60   Section    49152  main.o(.bss)
    n5                                       0x24010960   Data        4608  main.o(.bss)
    .bss                                     0x24011b60   Section      328  usart.o(.bss)
    .bss                                     0x24011ca8   Section       96  libspace.o(.bss)
    HEAP                                     0x24011d08   Section      512  startup_stm32h743xx.o(HEAP)
    Heap_Mem                                 0x24011d08   Data         512  startup_stm32h743xx.o(HEAP)
    STACK                                    0x24011f08   Section     1024  startup_stm32h743xx.o(STACK)
    Stack_Mem                                0x24011f08   Data        1024  startup_stm32h743xx.o(STACK)
    __initial_sp                             0x24012308   Data           0  startup_stm32h743xx.o(STACK)

    Global Symbols

    Symbol Name                              Value     Ov Type        Size  Object(Section)

    BuildAttributes$$THM_ISAv4$E$P$D$K$B$S$7EM$VFPv5_D16$PE$PLD8$A:L22UL41UL21$X:L11$S22US41US21$IEEE1$IW$USESV6$~STKCKD$USESV7$~SHL$OSPACE$ROPI$EBA8$UX$STANDARDLIB$REQ8$PRES8$EABIv2 0x00000000   Number         0  anon$$obj.o ABSOLUTE
    __ARM_use_no_argv                        0x00000000   Number         0  main.o ABSOLUTE
    __ARM_exceptions_init                     - Undefined Weak Reference
    __alloca_initialize                       - Undefined Weak Reference
    __arm_preinit_                            - Undefined Weak Reference
    __cpp_initialize__aeabi_                  - Undefined Weak Reference
    __cxa_finalize                            - Undefined Weak Reference
    __rt_locale                               - Undefined Weak Reference
    __sigvec_lookup                           - Undefined Weak Reference
    _atexit_init                              - Undefined Weak Reference
    _call_atexit_fns                          - Undefined Weak Reference
    _clock_init                               - Undefined Weak Reference
    _fp_trap_init                             - Undefined Weak Reference
    _fp_trap_shutdown                         - Undefined Weak Reference
    _get_lc_collate                           - Undefined Weak Reference
    _get_lc_ctype                             - Undefined Weak Reference
    _get_lc_monetary                          - Undefined Weak Reference
    _get_lc_numeric                           - Undefined Weak Reference
    _get_lc_time                              - Undefined Weak Reference
    _getenv_init                              - Undefined Weak Reference
    _handle_redirection                       - Undefined Weak Reference
    _init_alloc                               - Undefined Weak Reference
    _init_user_alloc                          - Undefined Weak Reference
    _initio                                   - Undefined Weak Reference
    _rand_init                                - Undefined Weak Reference
    _signal_finish                            - Undefined Weak Reference
    _signal_init                              - Undefined Weak Reference
    _terminate_alloc                          - Undefined Weak Reference
    _terminate_user_alloc                     - Undefined Weak Reference
    _terminateio                              - Undefined Weak Reference
    __Vectors_Size                           0x00000298   Number         0  startup_stm32h743xx.o ABSOLUTE
    __Vectors                                0x08000000   Data           4  startup_stm32h743xx.o(RESET)
    __Vectors_End                            0x08000298   Data           0  startup_stm32h743xx.o(RESET)
    __main                                   0x08000299   Thumb Code     8  __main.o(!!!main)
    __scatterload                            0x080002a1   Thumb Code     0  __scatter.o(!!!scatter)
    __scatterload_rt2                        0x080002a1   Thumb Code    44  __scatter.o(!!!scatter)
    __scatterload_rt2_thumb_only             0x080002a1   Thumb Code     0  __scatter.o(!!!scatter)
    __scatterload_null                       0x080002af   Thumb Code     0  __scatter.o(!!!scatter)
    __decompress                             0x080002d5   Thumb Code    90  __dczerorl2.o(!!dczerorl2)
    __decompress1                            0x080002d5   Thumb Code     0  __dczerorl2.o(!!dczerorl2)
    __scatterload_zeroinit                   0x08000331   Thumb Code    28  __scatter_zi.o(!!handler_zi)
    __rt_lib_init                            0x0800034d   Thumb Code     0  libinit.o(.ARM.Collect$$libinit$$00000000)
    __rt_lib_init_fp_1                       0x0800034f   Thumb Code     0  libinit2.o(.ARM.Collect$$libinit$$00000001)
    __rt_lib_init_alloca_1                   0x08000353   Thumb Code     0  libinit2.o(.ARM.Collect$$libinit$$0000002E)
    __rt_lib_init_argv_1                     0x08000353   Thumb Code     0  libinit2.o(.ARM.Collect$$libinit$$0000002C)
    __rt_lib_init_atexit_1                   0x08000353   Thumb Code     0  libinit2.o(.ARM.Collect$$libinit$$0000001B)
    __rt_lib_init_clock_1                    0x08000353   Thumb Code     0  libinit2.o(.ARM.Collect$$libinit$$00000021)
    __rt_lib_init_cpp_1                      0x08000353   Thumb Code     0  libinit2.o(.ARM.Collect$$libinit$$00000032)
    __rt_lib_init_exceptions_1               0x08000353   Thumb Code     0  libinit2.o(.ARM.Collect$$libinit$$00000030)
    __rt_lib_init_fp_trap_1                  0x08000353   Thumb Code     0  libinit2.o(.ARM.Collect$$libinit$$0000001F)
    __rt_lib_init_getenv_1                   0x08000353   Thumb Code     0  libinit2.o(.ARM.Collect$$libinit$$00000023)
    __rt_lib_init_heap_1                     0x08000353   Thumb Code     0  libinit2.o(.ARM.Collect$$libinit$$0000000A)
    __rt_lib_init_lc_collate_1               0x08000353   Thumb Code     0  libinit2.o(.ARM.Collect$$libinit$$00000011)
    __rt_lib_init_lc_ctype_1                 0x08000353   Thumb Code     0  libinit2.o(.ARM.Collect$$libinit$$00000013)
    __rt_lib_init_lc_monetary_1              0x08000353   Thumb Code     0  libinit2.o(.ARM.Collect$$libinit$$00000015)
    __rt_lib_init_lc_numeric_1               0x08000353   Thumb Code     0  libinit2.o(.ARM.Collect$$libinit$$00000017)
    __rt_lib_init_lc_time_1                  0x08000353   Thumb Code     0  libinit2.o(.ARM.Collect$$libinit$$00000019)
    __rt_lib_init_preinit_1                  0x08000353   Thumb Code     0  libinit2.o(.ARM.Collect$$libinit$$00000004)
    __rt_lib_init_rand_1                     0x08000353   Thumb Code     0  libinit2.o(.ARM.Collect$$libinit$$0000000E)
    __rt_lib_init_return                     0x08000353   Thumb Code     0  libinit2.o(.ARM.Collect$$libinit$$00000033)
    __rt_lib_init_signal_1                   0x08000353   Thumb Code     0  libinit2.o(.ARM.Collect$$libinit$$0000001D)
    __rt_lib_init_stdio_1                    0x08000353   Thumb Code     0  libinit2.o(.ARM.Collect$$libinit$$00000025)
    __rt_lib_init_user_alloc_1               0x08000353   Thumb Code     0  libinit2.o(.ARM.Collect$$libinit$$0000000C)
    __rt_lib_shutdown                        0x08000355   Thumb Code     0  libshutdown.o(.ARM.Collect$$libshutdown$$00000000)
    __rt_lib_shutdown_cpp_1                  0x08000357   Thumb Code     0  libshutdown2.o(.ARM.Collect$$libshutdown$$00000002)
    __rt_lib_shutdown_fp_trap_1              0x08000357   Thumb Code     0  libshutdown2.o(.ARM.Collect$$libshutdown$$00000007)
    __rt_lib_shutdown_heap_1                 0x08000357   Thumb Code     0  libshutdown2.o(.ARM.Collect$$libshutdown$$0000000F)
    __rt_lib_shutdown_return                 0x08000357   Thumb Code     0  libshutdown2.o(.ARM.Collect$$libshutdown$$00000010)
    __rt_lib_shutdown_signal_1               0x08000357   Thumb Code     0  libshutdown2.o(.ARM.Collect$$libshutdown$$0000000A)
    __rt_lib_shutdown_stdio_1                0x08000357   Thumb Code     0  libshutdown2.o(.ARM.Collect$$libshutdown$$00000004)
    __rt_lib_shutdown_user_alloc_1           0x08000357   Thumb Code     0  libshutdown2.o(.ARM.Collect$$libshutdown$$0000000C)
    __rt_entry                               0x08000359   Thumb Code     0  __rtentry.o(.ARM.Collect$$rtentry$$00000000)
    __rt_entry_presh_1                       0x08000359   Thumb Code     0  __rtentry2.o(.ARM.Collect$$rtentry$$00000002)
    __rt_entry_sh                            0x08000359   Thumb Code     0  __rtentry4.o(.ARM.Collect$$rtentry$$00000004)
    __rt_entry_li                            0x0800035f   Thumb Code     0  __rtentry2.o(.ARM.Collect$$rtentry$$0000000A)
    __rt_entry_postsh_1                      0x0800035f   Thumb Code     0  __rtentry2.o(.ARM.Collect$$rtentry$$00000009)
    __rt_entry_main                          0x08000363   Thumb Code     0  __rtentry2.o(.ARM.Collect$$rtentry$$0000000D)
    __rt_entry_postli_1                      0x08000363   Thumb Code     0  __rtentry2.o(.ARM.Collect$$rtentry$$0000000C)
    __rt_exit                                0x0800036b   Thumb Code     0  rtexit.o(.ARM.Collect$$rtexit$$00000000)
    __rt_exit_ls                             0x0800036d   Thumb Code     0  rtexit2.o(.ARM.Collect$$rtexit$$00000003)
    __rt_exit_prels_1                        0x0800036d   Thumb Code     0  rtexit2.o(.ARM.Collect$$rtexit$$00000002)
    __rt_exit_exit                           0x08000371   Thumb Code     0  rtexit2.o(.ARM.Collect$$rtexit$$00000004)
    Reset_Handler                            0x08000379   Thumb Code     8  startup_stm32h743xx.o(.text)
    ADC3_IRQHandler                          0x08000393   Thumb Code     0  startup_stm32h743xx.o(.text)
    ADC_IRQHandler                           0x08000393   Thumb Code     0  startup_stm32h743xx.o(.text)
    BDMA_Channel0_IRQHandler                 0x08000393   Thumb Code     0  startup_stm32h743xx.o(.text)
    BDMA_Channel1_IRQHandler                 0x08000393   Thumb Code     0  startup_stm32h743xx.o(.text)
    BDMA_Channel2_IRQHandler                 0x08000393   Thumb Code     0  startup_stm32h743xx.o(.text)
    BDMA_Channel3_IRQHandler                 0x08000393   Thumb Code     0  startup_stm32h743xx.o(.text)
    BDMA_Channel4_IRQHandler                 0x08000393   Thumb Code     0  startup_stm32h743xx.o(.text)
    BDMA_Channel5_IRQHandler                 0x08000393   Thumb Code     0  startup_stm32h743xx.o(.text)
    BDMA_Channel6_IRQHandler                 0x08000393   Thumb Code     0  startup_stm32h743xx.o(.text)
    BDMA_Channel7_IRQHandler                 0x08000393   Thumb Code     0  startup_stm32h743xx.o(.text)
    CEC_IRQHandler                           0x08000393   Thumb Code     0  startup_stm32h743xx.o(.text)
    COMP1_IRQHandler                         0x08000393   Thumb Code     0  startup_stm32h743xx.o(.text)
    CRS_IRQHandler                           0x08000393   Thumb Code     0  startup_stm32h743xx.o(.text)
    DCMI_IRQHandler                          0x08000393   Thumb Code     0  startup_stm32h743xx.o(.text)
    DFSDM1_FLT0_IRQHandler                   0x08000393   Thumb Code     0  startup_stm32h743xx.o(.text)
    DFSDM1_FLT1_IRQHandler                   0x08000393   Thumb Code     0  startup_stm32h743xx.o(.text)
    DFSDM1_FLT2_IRQHandler                   0x08000393   Thumb Code     0  startup_stm32h743xx.o(.text)
    DFSDM1_FLT3_IRQHandler                   0x08000393   Thumb Code     0  startup_stm32h743xx.o(.text)
    DMA1_Stream0_IRQHandler                  0x08000393   Thumb Code     0  startup_stm32h743xx.o(.text)
    DMA1_Stream1_IRQHandler                  0x08000393   Thumb Code     0  startup_stm32h743xx.o(.text)
    DMA1_Stream2_IRQHandler                  0x08000393   Thumb Code     0  startup_stm32h743xx.o(.text)
    DMA1_Stream3_IRQHandler                  0x08000393   Thumb Code     0  startup_stm32h743xx.o(.text)
    DMA1_Stream4_IRQHandler                  0x08000393   Thumb Code     0  startup_stm32h743xx.o(.text)
    DMA1_Stream5_IRQHandler                  0x08000393   Thumb Code     0  startup_stm32h743xx.o(.text)
    DMA1_Stream6_IRQHandler                  0x08000393   Thumb Code     0  startup_stm32h743xx.o(.text)
    DMA1_Stream7_IRQHandler                  0x08000393   Thumb Code     0  startup_stm32h743xx.o(.text)
    DMA2D_IRQHandler                         0x08000393   Thumb Code     0  startup_stm32h743xx.o(.text)
    DMA2_Stream0_IRQHandler                  0x08000393   Thumb Code     0  startup_stm32h743xx.o(.text)
    DMA2_Stream1_IRQHandler                  0x08000393   Thumb Code     0  startup_stm32h743xx.o(.text)
    DMA2_Stream2_IRQHandler                  0x08000393   Thumb Code     0  startup_stm32h743xx.o(.text)
    DMA2_Stream3_IRQHandler                  0x08000393   Thumb Code     0  startup_stm32h743xx.o(.text)
    DMA2_Stream4_IRQHandler                  0x08000393   Thumb Code     0  startup_stm32h743xx.o(.text)
    DMA2_Stream5_IRQHandler                  0x08000393   Thumb Code     0  startup_stm32h743xx.o(.text)
    DMA2_Stream6_IRQHandler                  0x08000393   Thumb Code     0  startup_stm32h743xx.o(.text)
    DMA2_Stream7_IRQHandler                  0x08000393   Thumb Code     0  startup_stm32h743xx.o(.text)
    DMAMUX1_OVR_IRQHandler                   0x08000393   Thumb Code     0  startup_stm32h743xx.o(.text)
    DMAMUX2_OVR_IRQHandler                   0x08000393   Thumb Code     0  startup_stm32h743xx.o(.text)
    ETH_IRQHandler                           0x08000393   Thumb Code     0  startup_stm32h743xx.o(.text)
    ETH_WKUP_IRQHandler                      0x08000393   Thumb Code     0  startup_stm32h743xx.o(.text)
    EXTI0_IRQHandler                         0x08000393   Thumb Code     0  startup_stm32h743xx.o(.text)
    EXTI15_10_IRQHandler                     0x08000393   Thumb Code     0  startup_stm32h743xx.o(.text)
    EXTI1_IRQHandler                         0x08000393   Thumb Code     0  startup_stm32h743xx.o(.text)
    EXTI2_IRQHandler                         0x08000393   Thumb Code     0  startup_stm32h743xx.o(.text)
    EXTI3_IRQHandler                         0x08000393   Thumb Code     0  startup_stm32h743xx.o(.text)
    EXTI4_IRQHandler                         0x08000393   Thumb Code     0  startup_stm32h743xx.o(.text)
    EXTI9_5_IRQHandler                       0x08000393   Thumb Code     0  startup_stm32h743xx.o(.text)
    FDCAN1_IT0_IRQHandler                    0x08000393   Thumb Code     0  startup_stm32h743xx.o(.text)
    FDCAN1_IT1_IRQHandler                    0x08000393   Thumb Code     0  startup_stm32h743xx.o(.text)
    FDCAN2_IT0_IRQHandler                    0x08000393   Thumb Code     0  startup_stm32h743xx.o(.text)
    FDCAN2_IT1_IRQHandler                    0x08000393   Thumb Code     0  startup_stm32h743xx.o(.text)
    FDCAN_CAL_IRQHandler                     0x08000393   Thumb Code     0  startup_stm32h743xx.o(.text)
    FLASH_IRQHandler                         0x08000393   Thumb Code     0  startup_stm32h743xx.o(.text)
    FMC_IRQHandler                           0x08000393   Thumb Code     0  startup_stm32h743xx.o(.text)
    FPU_IRQHandler                           0x08000393   Thumb Code     0  startup_stm32h743xx.o(.text)
    HRTIM1_FLT_IRQHandler                    0x08000393   Thumb Code     0  startup_stm32h743xx.o(.text)
    HRTIM1_Master_IRQHandler                 0x08000393   Thumb Code     0  startup_stm32h743xx.o(.text)
    HRTIM1_TIMA_IRQHandler                   0x08000393   Thumb Code     0  startup_stm32h743xx.o(.text)
    HRTIM1_TIMB_IRQHandler                   0x08000393   Thumb Code     0  startup_stm32h743xx.o(.text)
    HRTIM1_TIMC_IRQHandler                   0x08000393   Thumb Code     0  startup_stm32h743xx.o(.text)
    HRTIM1_TIMD_IRQHandler                   0x08000393   Thumb Code     0  startup_stm32h743xx.o(.text)
    HRTIM1_TIME_IRQHandler                   0x08000393   Thumb Code     0  startup_stm32h743xx.o(.text)
    HSEM1_IRQHandler                         0x08000393   Thumb Code     0  startup_stm32h743xx.o(.text)
    I2C1_ER_IRQHandler                       0x08000393   Thumb Code     0  startup_stm32h743xx.o(.text)
    I2C1_EV_IRQHandler                       0x08000393   Thumb Code     0  startup_stm32h743xx.o(.text)
    I2C2_ER_IRQHandler                       0x08000393   Thumb Code     0  startup_stm32h743xx.o(.text)
    I2C2_EV_IRQHandler                       0x08000393   Thumb Code     0  startup_stm32h743xx.o(.text)
    I2C3_ER_IRQHandler                       0x08000393   Thumb Code     0  startup_stm32h743xx.o(.text)
    I2C3_EV_IRQHandler                       0x08000393   Thumb Code     0  startup_stm32h743xx.o(.text)
    I2C4_ER_IRQHandler                       0x08000393   Thumb Code     0  startup_stm32h743xx.o(.text)
    I2C4_EV_IRQHandler                       0x08000393   Thumb Code     0  startup_stm32h743xx.o(.text)
    JPEG_IRQHandler                          0x08000393   Thumb Code     0  startup_stm32h743xx.o(.text)
    LPTIM1_IRQHandler                        0x08000393   Thumb Code     0  startup_stm32h743xx.o(.text)
    LPTIM2_IRQHandler                        0x08000393   Thumb Code     0  startup_stm32h743xx.o(.text)
    LPTIM3_IRQHandler                        0x08000393   Thumb Code     0  startup_stm32h743xx.o(.text)
    LPTIM4_IRQHandler                        0x08000393   Thumb Code     0  startup_stm32h743xx.o(.text)
    LPTIM5_IRQHandler                        0x08000393   Thumb Code     0  startup_stm32h743xx.o(.text)
    LPUART1_IRQHandler                       0x08000393   Thumb Code     0  startup_stm32h743xx.o(.text)
    LTDC_ER_IRQHandler                       0x08000393   Thumb Code     0  startup_stm32h743xx.o(.text)
    LTDC_IRQHandler                          0x08000393   Thumb Code     0  startup_stm32h743xx.o(.text)
    MDIOS_IRQHandler                         0x08000393   Thumb Code     0  startup_stm32h743xx.o(.text)
    MDIOS_WKUP_IRQHandler                    0x08000393   Thumb Code     0  startup_stm32h743xx.o(.text)
    MDMA_IRQHandler                          0x08000393   Thumb Code     0  startup_stm32h743xx.o(.text)
    OTG_FS_EP1_IN_IRQHandler                 0x08000393   Thumb Code     0  startup_stm32h743xx.o(.text)
    OTG_FS_EP1_OUT_IRQHandler                0x08000393   Thumb Code     0  startup_stm32h743xx.o(.text)
    OTG_FS_IRQHandler                        0x08000393   Thumb Code     0  startup_stm32h743xx.o(.text)
    OTG_FS_WKUP_IRQHandler                   0x08000393   Thumb Code     0  startup_stm32h743xx.o(.text)
    OTG_HS_EP1_IN_IRQHandler                 0x08000393   Thumb Code     0  startup_stm32h743xx.o(.text)
    OTG_HS_EP1_OUT_IRQHandler                0x08000393   Thumb Code     0  startup_stm32h743xx.o(.text)
    OTG_HS_IRQHandler                        0x08000393   Thumb Code     0  startup_stm32h743xx.o(.text)
    OTG_HS_WKUP_IRQHandler                   0x08000393   Thumb Code     0  startup_stm32h743xx.o(.text)
    PVD_AVD_IRQHandler                       0x08000393   Thumb Code     0  startup_stm32h743xx.o(.text)
    QUADSPI_IRQHandler                       0x08000393   Thumb Code     0  startup_stm32h743xx.o(.text)
    RCC_IRQHandler                           0x08000393   Thumb Code     0  startup_stm32h743xx.o(.text)
    RNG_IRQHandler                           0x08000393   Thumb Code     0  startup_stm32h743xx.o(.text)
    RTC_Alarm_IRQHandler                     0x08000393   Thumb Code     0  startup_stm32h743xx.o(.text)
    RTC_WKUP_IRQHandler                      0x08000393   Thumb Code     0  startup_stm32h743xx.o(.text)
    SAI1_IRQHandler                          0x08000393   Thumb Code     0  startup_stm32h743xx.o(.text)
    SAI2_IRQHandler                          0x08000393   Thumb Code     0  startup_stm32h743xx.o(.text)
    SAI3_IRQHandler                          0x08000393   Thumb Code     0  startup_stm32h743xx.o(.text)
    SAI4_IRQHandler                          0x08000393   Thumb Code     0  startup_stm32h743xx.o(.text)
    SDMMC1_IRQHandler                        0x08000393   Thumb Code     0  startup_stm32h743xx.o(.text)
    SDMMC2_IRQHandler                        0x08000393   Thumb Code     0  startup_stm32h743xx.o(.text)
    SPDIF_RX_IRQHandler                      0x08000393   Thumb Code     0  startup_stm32h743xx.o(.text)
    SPI1_IRQHandler                          0x08000393   Thumb Code     0  startup_stm32h743xx.o(.text)
    SPI2_IRQHandler                          0x08000393   Thumb Code     0  startup_stm32h743xx.o(.text)
    SPI3_IRQHandler                          0x08000393   Thumb Code     0  startup_stm32h743xx.o(.text)
    SPI4_IRQHandler                          0x08000393   Thumb Code     0  startup_stm32h743xx.o(.text)
    SPI5_IRQHandler                          0x08000393   Thumb Code     0  startup_stm32h743xx.o(.text)
    SPI6_IRQHandler                          0x08000393   Thumb Code     0  startup_stm32h743xx.o(.text)
    SWPMI1_IRQHandler                        0x08000393   Thumb Code     0  startup_stm32h743xx.o(.text)
    TAMP_STAMP_IRQHandler                    0x08000393   Thumb Code     0  startup_stm32h743xx.o(.text)
    TIM15_IRQHandler                         0x08000393   Thumb Code     0  startup_stm32h743xx.o(.text)
    TIM16_IRQHandler                         0x08000393   Thumb Code     0  startup_stm32h743xx.o(.text)
    TIM17_IRQHandler                         0x08000393   Thumb Code     0  startup_stm32h743xx.o(.text)
    TIM1_BRK_IRQHandler                      0x08000393   Thumb Code     0  startup_stm32h743xx.o(.text)
    TIM1_CC_IRQHandler                       0x08000393   Thumb Code     0  startup_stm32h743xx.o(.text)
    TIM1_TRG_COM_IRQHandler                  0x08000393   Thumb Code     0  startup_stm32h743xx.o(.text)
    TIM1_UP_IRQHandler                       0x08000393   Thumb Code     0  startup_stm32h743xx.o(.text)
    TIM2_IRQHandler                          0x08000393   Thumb Code     0  startup_stm32h743xx.o(.text)
    TIM3_IRQHandler                          0x08000393   Thumb Code     0  startup_stm32h743xx.o(.text)
    TIM4_IRQHandler                          0x08000393   Thumb Code     0  startup_stm32h743xx.o(.text)
    TIM5_IRQHandler                          0x08000393   Thumb Code     0  startup_stm32h743xx.o(.text)
    TIM6_DAC_IRQHandler                      0x08000393   Thumb Code     0  startup_stm32h743xx.o(.text)
    TIM7_IRQHandler                          0x08000393   Thumb Code     0  startup_stm32h743xx.o(.text)
    TIM8_BRK_TIM12_IRQHandler                0x08000393   Thumb Code     0  startup_stm32h743xx.o(.text)
    TIM8_CC_IRQHandler                       0x08000393   Thumb Code     0  startup_stm32h743xx.o(.text)
    TIM8_TRG_COM_TIM14_IRQHandler            0x08000393   Thumb Code     0  startup_stm32h743xx.o(.text)
    TIM8_UP_TIM13_IRQHandler                 0x08000393   Thumb Code     0  startup_stm32h743xx.o(.text)
    UART4_IRQHandler                         0x08000393   Thumb Code     0  startup_stm32h743xx.o(.text)
    UART5_IRQHandler                         0x08000393   Thumb Code     0  startup_stm32h743xx.o(.text)
    UART7_IRQHandler                         0x08000393   Thumb Code     0  startup_stm32h743xx.o(.text)
    UART8_IRQHandler                         0x08000393   Thumb Code     0  startup_stm32h743xx.o(.text)
    USART2_IRQHandler                        0x08000393   Thumb Code     0  startup_stm32h743xx.o(.text)
    USART3_IRQHandler                        0x08000393   Thumb Code     0  startup_stm32h743xx.o(.text)
    USART6_IRQHandler                        0x08000393   Thumb Code     0  startup_stm32h743xx.o(.text)
    WAKEUP_PIN_IRQHandler                    0x08000393   Thumb Code     0  startup_stm32h743xx.o(.text)
    WWDG_IRQHandler                          0x08000393   Thumb Code     0  startup_stm32h743xx.o(.text)
    __user_initial_stackheap                 0x08000395   Thumb Code     0  startup_stm32h743xx.o(.text)
    __aeabi_uldivmod                         0x080003b9   Thumb Code     0  lludivv7m.o(.text)
    _ll_udiv                                 0x080003b9   Thumb Code   238  lludivv7m.o(.text)
    __use_two_region_memory                  0x080004a7   Thumb Code     2  heapauxi.o(.text)
    __rt_heap_escrow$2region                 0x080004a9   Thumb Code     2  heapauxi.o(.text)
    __rt_heap_expand$2region                 0x080004ab   Thumb Code     2  heapauxi.o(.text)
    __user_setup_stackheap                   0x080004ad   Thumb Code    74  sys_stackheap_outer.o(.text)
    exit                                     0x080004f7   Thumb Code    18  exit.o(.text)
    __user_libspace                          0x08000509   Thumb Code     8  libspace.o(.text)
    __user_perproc_libspace                  0x08000509   Thumb Code     0  libspace.o(.text)
    __user_perthread_libspace                0x08000509   Thumb Code     0  libspace.o(.text)
    BusFault_Handler                         0x08000511   Thumb Code     4  stm32h7xx_it.o(i.BusFault_Handler)
    Cache_Enable                             0x08000515   Thumb Code    24  sys.o(i.Cache_Enable)
    DebugMon_Handler                         0x08000531   Thumb Code     2  stm32h7xx_it.o(i.DebugMon_Handler)
    HAL_DMA_Abort_IT                         0x08000535   Thumb Code   236  stm32h7xx_hal_dma.o(i.HAL_DMA_Abort_IT)
    HAL_EnableCompensationCell               0x0800062d   Thumb Code    14  stm32h7xx_hal.o(i.HAL_EnableCompensationCell)
    HAL_GPIO_Init                            0x08000641   Thumb Code   534  stm32h7xx_hal_gpio.o(i.HAL_GPIO_Init)
    HAL_GPIO_ReadPin                         0x0800088d   Thumb Code    16  stm32h7xx_hal_gpio.o(i.HAL_GPIO_ReadPin)
    HAL_GetTick                              0x0800089d   Thumb Code     6  stm32h7xx_hal.o(i.HAL_GetTick)
    HAL_IncTick                              0x080008a9   Thumb Code    16  stm32h7xx_hal.o(i.HAL_IncTick)
    HAL_Init                                 0x080008c1   Thumb Code    28  stm32h7xx_hal.o(i.HAL_Init)
    HAL_InitTick                             0x080008dd   Thumb Code    64  stm32h7xx_hal.o(i.HAL_InitTick)
    HAL_MspInit                              0x08000929   Thumb Code     2  stm32h7xx_hal_msp.o(i.HAL_MspInit)
    HAL_NVIC_EnableIRQ                       0x0800092b   Thumb Code    32  stm32h7xx_hal_cortex.o(i.HAL_NVIC_EnableIRQ)
    HAL_NVIC_SetPriority                     0x0800094b   Thumb Code   122  stm32h7xx_hal_cortex.o(i.HAL_NVIC_SetPriority)
    HAL_NVIC_SetPriorityGrouping             0x080009c5   Thumb Code    32  stm32h7xx_hal_cortex.o(i.HAL_NVIC_SetPriorityGrouping)
    HAL_RCCEx_GetD1SysClockFreq              0x080009ed   Thumb Code    44  stm32h7xx_hal_rcc_ex.o(i.HAL_RCCEx_GetD1SysClockFreq)
    HAL_RCCEx_GetD3PCLK1Freq                 0x08000a25   Thumb Code    34  stm32h7xx_hal_rcc_ex.o(i.HAL_RCCEx_GetD3PCLK1Freq)
    HAL_RCCEx_GetPLL2ClockFreq               0x08000a51   Thumb Code   532  stm32h7xx_hal_rcc_ex.o(i.HAL_RCCEx_GetPLL2ClockFreq)
    HAL_RCCEx_GetPLL3ClockFreq               0x08000c7d   Thumb Code   532  stm32h7xx_hal_rcc_ex.o(i.HAL_RCCEx_GetPLL3ClockFreq)
    HAL_RCC_ClockConfig                      0x08000ea9   Thumb Code   574  stm32h7xx_hal_rcc.o(i.HAL_RCC_ClockConfig)
    HAL_RCC_GetHCLKFreq                      0x080010f9   Thumb Code    42  stm32h7xx_hal_rcc.o(i.HAL_RCC_GetHCLKFreq)
    HAL_RCC_GetPCLK1Freq                     0x08001131   Thumb Code    34  stm32h7xx_hal_rcc.o(i.HAL_RCC_GetPCLK1Freq)
    HAL_RCC_GetPCLK2Freq                     0x0800115d   Thumb Code    36  stm32h7xx_hal_rcc.o(i.HAL_RCC_GetPCLK2Freq)
    HAL_RCC_GetSysClockFreq                  0x08001189   Thumb Code   556  stm32h7xx_hal_rcc.o(i.HAL_RCC_GetSysClockFreq)
    HAL_RCC_OscConfig                        0x080013cd   Thumb Code  1724  stm32h7xx_hal_rcc.o(i.HAL_RCC_OscConfig)
    HAL_SYSTICK_CLKSourceConfig              0x08001a91   Thumb Code    40  stm32h7xx_hal_cortex.o(i.HAL_SYSTICK_CLKSourceConfig)
    HAL_SYSTICK_Config                       0x08001ab9   Thumb Code    52  stm32h7xx_hal_cortex.o(i.HAL_SYSTICK_Config)
    HAL_UARTEx_WakeupCallback                0x08001aed   Thumb Code     2  stm32h7xx_hal_uart_ex.o(i.HAL_UARTEx_WakeupCallback)
    HAL_UART_ErrorCallback                   0x08001aef   Thumb Code     2  stm32h7xx_hal_uart.o(i.HAL_UART_ErrorCallback)
    HAL_UART_GetState                        0x08001af1   Thumb Code    20  stm32h7xx_hal_uart.o(i.HAL_UART_GetState)
    HAL_UART_IRQHandler                      0x08001b05   Thumb Code   434  stm32h7xx_hal_uart.o(i.HAL_UART_IRQHandler)
    HAL_UART_Init                            0x08001cc1   Thumb Code   120  stm32h7xx_hal_uart.o(i.HAL_UART_Init)
    HAL_UART_MspInit                         0x08001d39   Thumb Code   138  usart.o(i.HAL_UART_MspInit)
    HAL_UART_Receive_IT                      0x08001dd1   Thumb Code   224  stm32h7xx_hal_uart.o(i.HAL_UART_Receive_IT)
    HAL_UART_RxCpltCallback                  0x08001eb1   Thumb Code   120  usart.o(i.HAL_UART_RxCpltCallback)
    HAL_UART_TxCpltCallback                  0x08001f39   Thumb Code     2  stm32h7xx_hal_uart.o(i.HAL_UART_TxCpltCallback)
    HIGH                                     0x08001f3d   Thumb Code    98  main.o(i.HIGH)
    HardFault_Handler                        0x08001fa5   Thumb Code     4  stm32h7xx_it.o(i.HardFault_Handler)
    KEY_Init                                 0x08001fa9   Thumb Code   150  key.o(i.KEY_Init)
    KEY_Scan                                 0x08002051   Thumb Code   192  key.o(i.KEY_Scan)
    LED_Init                                 0x08002121   Thumb Code    56  led.o(i.LED_Init)
    LOW                                      0x08002161   Thumb Code    86  main.o(i.LOW)
    MemManage_Handler                        0x080021bd   Thumb Code     4  stm32h7xx_it.o(i.MemManage_Handler)
    NMI_Handler                              0x080021c1   Thumb Code     2  stm32h7xx_it.o(i.NMI_Handler)
    PendSV_Handler                           0x080021c3   Thumb Code     2  stm32h7xx_it.o(i.PendSV_Handler)
    RGB_LED_HIGH                             0x080021c5   Thumb Code    10  main.o(i.RGB_LED_HIGH)
    RGB_LED_LOW                              0x080021d5   Thumb Code    10  main.o(i.RGB_LED_LOW)
    SVC_Handler                              0x080022fd   Thumb Code     2  stm32h7xx_it.o(i.SVC_Handler)
    Stm32_Clock_Init                         0x08002301   Thumb Code   238  sys.o(i.Stm32_Clock_Init)
    SysTick_Handler                          0x080023f9   Thumb Code     8  stm32h7xx_it.o(i.SysTick_Handler)
    SystemInit                               0x08002401   Thumb Code   130  system_stm32h7xx.o(i.SystemInit)
    UART_AdvFeatureConfig                    0x08002495   Thumb Code   234  stm32h7xx_hal_uart.o(i.UART_AdvFeatureConfig)
    UART_CheckIdleState                      0x0800257f   Thumb Code   116  stm32h7xx_hal_uart.o(i.UART_CheckIdleState)
    UART_SetConfig                           0x080026d5   Thumb Code  2452  stm32h7xx_hal_uart.o(i.UART_SetConfig)
    UART_WaitOnFlagUntilTimeout              0x080030fb   Thumb Code   108  stm32h7xx_hal_uart.o(i.UART_WaitOnFlagUntilTimeout)
    USART1_IRQHandler                        0x08003169   Thumb Code    66  usart.o(i.USART1_IRQHandler)
    UsageFault_Handler                       0x080031b9   Thumb Code     4  stm32h7xx_it.o(i.UsageFault_Handler)
    _sys_exit                                0x080031f5   Thumb Code     4  usart.o(i._sys_exit)
    delay_init                               0x080031f9   Thumb Code    16  delay.o(i.delay_init)
    delay_ms                                 0x0800320d   Thumb Code    24  delay.o(i.delay_ms)
    delay_us                                 0x08003225   Thumb Code    68  delay.o(i.delay_us)
    light                                    0x0800326d   Thumb Code   132  main.o(i.light)
    main                                     0x08003305   Thumb Code   196  main.o(i.main)
    stay                                     0x080033e5   Thumb Code    58  main.o(i.stay)
    two                                      0x08003425   Thumb Code   206  main.o(i.two)
    uart_init                                0x080034f5   Thumb Code    44  usart.o(i.uart_init)
    whole                                    0x0800352d   Thumb Code   128  main.o(i.whole)
    _fp_init                                 0x080035b9   Thumb Code    10  fpinit.o(x$fpl$fpinit)
    __fplib_config_fpu_vfp                   0x080035c1   Thumb Code     0  fpinit.o(x$fpl$fpinit)
    __fplib_config_pureend_doubles           0x080035c1   Thumb Code     0  fpinit.o(x$fpl$fpinit)
    D1CorePrescTable                         0x080035f2   Data          16  system_stm32h7xx.o(.constdata)
    Region$$Table$$Base                      0x08003634   Number         0  anon$$obj.o(Region$$Table)
    Region$$Table$$Limit                     0x08003654   Number         0  anon$$obj.o(Region$$Table)
    ms1                                      0x24000000   Data           1  main.o(.data)
    ms2                                      0x24000001   Data           1  main.o(.data)
    ns_delay                                 0x24000004   Data           4  main.o(.data)
    i                                        0x24000008   Data           4  main.o(.data)
    j                                        0x2400000c   Data           4  main.o(.data)
    z                                        0x24000010   Data           4  main.o(.data)
    k                                        0x24000014   Data           4  main.o(.data)
    p                                        0x24000018   Data           4  main.o(.data)
    m                                        0x2400001c   Data         288  main.o(.data)
    q                                        0x2400013c   Data           4  main.o(.data)
    n                                        0x24000140   Data        4608  main.o(.data)
    n2                                       0x24001340   Data        4608  main.o(.data)
    n22                                      0x24002540   Data        4608  main.o(.data)
    n0                                       0x24003740   Data        4608  main.o(.data)
    n3                                       0x24004940   Data        4608  main.o(.data)
    SystemCoreClock                          0x24005b40   Data           4  system_stm32h7xx.o(.data)
    SystemD2Clock                            0x24005b44   Data           4  system_stm32h7xx.o(.data)
    __stdout                                 0x24005b4c   Data           4  usart.o(.data)
    USART_RX_STA                             0x24005b50   Data           2  usart.o(.data)
    aRxBuffer                                0x24005b52   Data           1  usart.o(.data)
    x                                        0x24005b60   Data       36864  main.o(.bss)
    n00                                      0x2400eb60   Data        4608  main.o(.bss)
    n4                                       0x2400fd60   Data        3072  main.o(.bss)
    USART_RX_BUF                             0x24011b60   Data         200  usart.o(.bss)
    UART1_Handler                            0x24011c28   Data         128  usart.o(.bss)
    __libspace_start                         0x24011ca8   Data          96  libspace.o(.bss)
    __temporary_stack_top$libspace           0x24011d08   Data           0  libspace.o(.bss)



==============================================================================

Memory Map of the image

  Image Entry point : 0x08000299

  Load Region LR_IROM1 (Base: 0x08000000, Size: 0x000091b4, Max: 0x00200000, ABSOLUTE, COMPRESSED[0x00003968])

    Execution Region ER_IROM1 (Base: 0x08000000, Size: 0x00003654, Max: 0x00200000, ABSOLUTE)

    Base Addr    Size         Type   Attr      Idx    E Section Name        Object

    0x08000000   0x00000298   Data   RO          534    RESET               startup_stm32h743xx.o
    0x08000298   0x00000008   Code   RO         2963  * !!!main             c_w.l(__main.o)
    0x080002a0   0x00000034   Code   RO         3130    !!!scatter          c_w.l(__scatter.o)
    0x080002d4   0x0000005a   Code   RO         3128    !!dczerorl2         c_w.l(__dczerorl2.o)
    0x0800032e   0x00000002   PAD
    0x08000330   0x0000001c   Code   RO         3132    !!handler_zi        c_w.l(__scatter_zi.o)
    0x0800034c   0x00000002   Code   RO         3000    .ARM.Collect$$libinit$$00000000  c_w.l(libinit.o)
    0x0800034e   0x00000004   Code   RO         3012    .ARM.Collect$$libinit$$00000001  c_w.l(libinit2.o)
    0x08000352   0x00000000   Code   RO         3015    .ARM.Collect$$libinit$$00000004  c_w.l(libinit2.o)
    0x08000352   0x00000000   Code   RO         3018    .ARM.Collect$$libinit$$0000000A  c_w.l(libinit2.o)
    0x08000352   0x00000000   Code   RO         3020    .ARM.Collect$$libinit$$0000000C  c_w.l(libinit2.o)
    0x08000352   0x00000000   Code   RO         3022    .ARM.Collect$$libinit$$0000000E  c_w.l(libinit2.o)
    0x08000352   0x00000000   Code   RO         3025    .ARM.Collect$$libinit$$00000011  c_w.l(libinit2.o)
    0x08000352   0x00000000   Code   RO         3027    .ARM.Collect$$libinit$$00000013  c_w.l(libinit2.o)
    0x08000352   0x00000000   Code   RO         3029    .ARM.Collect$$libinit$$00000015  c_w.l(libinit2.o)
    0x08000352   0x00000000   Code   RO         3031    .ARM.Collect$$libinit$$00000017  c_w.l(libinit2.o)
    0x08000352   0x00000000   Code   RO         3033    .ARM.Collect$$libinit$$00000019  c_w.l(libinit2.o)
    0x08000352   0x00000000   Code   RO         3035    .ARM.Collect$$libinit$$0000001B  c_w.l(libinit2.o)
    0x08000352   0x00000000   Code   RO         3037    .ARM.Collect$$libinit$$0000001D  c_w.l(libinit2.o)
    0x08000352   0x00000000   Code   RO         3039    .ARM.Collect$$libinit$$0000001F  c_w.l(libinit2.o)
    0x08000352   0x00000000   Code   RO         3041    .ARM.Collect$$libinit$$00000021  c_w.l(libinit2.o)
    0x08000352   0x00000000   Code   RO         3043    .ARM.Collect$$libinit$$00000023  c_w.l(libinit2.o)
    0x08000352   0x00000000   Code   RO         3045    .ARM.Collect$$libinit$$00000025  c_w.l(libinit2.o)
    0x08000352   0x00000000   Code   RO         3049    .ARM.Collect$$libinit$$0000002C  c_w.l(libinit2.o)
    0x08000352   0x00000000   Code   RO         3051    .ARM.Collect$$libinit$$0000002E  c_w.l(libinit2.o)
    0x08000352   0x00000000   Code   RO         3053    .ARM.Collect$$libinit$$00000030  c_w.l(libinit2.o)
    0x08000352   0x00000000   Code   RO         3055    .ARM.Collect$$libinit$$00000032  c_w.l(libinit2.o)
    0x08000352   0x00000002   Code   RO         3056    .ARM.Collect$$libinit$$00000033  c_w.l(libinit2.o)
    0x08000354   0x00000002   Code   RO         3082    .ARM.Collect$$libshutdown$$00000000  c_w.l(libshutdown.o)
    0x08000356   0x00000000   Code   RO         3111    .ARM.Collect$$libshutdown$$00000002  c_w.l(libshutdown2.o)
    0x08000356   0x00000000   Code   RO         3113    .ARM.Collect$$libshutdown$$00000004  c_w.l(libshutdown2.o)
    0x08000356   0x00000000   Code   RO         3116    .ARM.Collect$$libshutdown$$00000007  c_w.l(libshutdown2.o)
    0x08000356   0x00000000   Code   RO         3119    .ARM.Collect$$libshutdown$$0000000A  c_w.l(libshutdown2.o)
    0x08000356   0x00000000   Code   RO         3121    .ARM.Collect$$libshutdown$$0000000C  c_w.l(libshutdown2.o)
    0x08000356   0x00000000   Code   RO         3124    .ARM.Collect$$libshutdown$$0000000F  c_w.l(libshutdown2.o)
    0x08000356   0x00000002   Code   RO         3125    .ARM.Collect$$libshutdown$$00000010  c_w.l(libshutdown2.o)
    0x08000358   0x00000000   Code   RO         2965    .ARM.Collect$$rtentry$$00000000  c_w.l(__rtentry.o)
    0x08000358   0x00000000   Code   RO         2971    .ARM.Collect$$rtentry$$00000002  c_w.l(__rtentry2.o)
    0x08000358   0x00000006   Code   RO         2983    .ARM.Collect$$rtentry$$00000004  c_w.l(__rtentry4.o)
    0x0800035e   0x00000000   Code   RO         2973    .ARM.Collect$$rtentry$$00000009  c_w.l(__rtentry2.o)
    0x0800035e   0x00000004   Code   RO         2974    .ARM.Collect$$rtentry$$0000000A  c_w.l(__rtentry2.o)
    0x08000362   0x00000000   Code   RO         2976    .ARM.Collect$$rtentry$$0000000C  c_w.l(__rtentry2.o)
    0x08000362   0x00000008   Code   RO         2977    .ARM.Collect$$rtentry$$0000000D  c_w.l(__rtentry2.o)
    0x0800036a   0x00000002   Code   RO         3004    .ARM.Collect$$rtexit$$00000000  c_w.l(rtexit.o)
    0x0800036c   0x00000000   Code   RO         3058    .ARM.Collect$$rtexit$$00000002  c_w.l(rtexit2.o)
    0x0800036c   0x00000004   Code   RO         3059    .ARM.Collect$$rtexit$$00000003  c_w.l(rtexit2.o)
    0x08000370   0x00000006   Code   RO         3060    .ARM.Collect$$rtexit$$00000004  c_w.l(rtexit2.o)
    0x08000376   0x00000002   PAD
    0x08000378   0x00000040   Code   RO          535    .text               startup_stm32h743xx.o
    0x080003b8   0x000000ee   Code   RO         2959    .text               c_w.l(lludivv7m.o)
    0x080004a6   0x00000006   Code   RO         2961    .text               c_w.l(heapauxi.o)
    0x080004ac   0x0000004a   Code   RO         2987    .text               c_w.l(sys_stackheap_outer.o)
    0x080004f6   0x00000012   Code   RO         2989    .text               c_w.l(exit.o)
    0x08000508   0x00000008   Code   RO         3001    .text               c_w.l(libspace.o)
    0x08000510   0x00000004   Code   RO          386    i.BusFault_Handler  stm32h7xx_it.o
    0x08000514   0x0000001c   Code   RO          582    i.Cache_Enable      sys.o
    0x08000530   0x00000002   Code   RO          387    i.DebugMon_Handler  stm32h7xx_it.o
    0x08000532   0x00000002   PAD
    0x08000534   0x000000f8   Code   RO         1178    i.HAL_DMA_Abort_IT  stm32h7xx_hal_dma.o
    0x0800062c   0x00000014   Code   RO          725    i.HAL_EnableCompensationCell  stm32h7xx_hal.o
    0x08000640   0x0000024c   Code   RO         1365    i.HAL_GPIO_Init     stm32h7xx_hal_gpio.o
    0x0800088c   0x00000010   Code   RO         1367    i.HAL_GPIO_ReadPin  stm32h7xx_hal_gpio.o
    0x0800089c   0x0000000c   Code   RO          732    i.HAL_GetTick       stm32h7xx_hal.o
    0x080008a8   0x00000018   Code   RO          735    i.HAL_IncTick       stm32h7xx_hal.o
    0x080008c0   0x0000001c   Code   RO          736    i.HAL_Init          stm32h7xx_hal.o
    0x080008dc   0x0000004c   Code   RO          737    i.HAL_InitTick      stm32h7xx_hal.o
    0x08000928   0x00000002   Code   RO          504    i.HAL_MspInit       stm32h7xx_hal_msp.o
    0x0800092a   0x00000020   Code   RO         1030    i.HAL_NVIC_EnableIRQ  stm32h7xx_hal_cortex.o
    0x0800094a   0x0000007a   Code   RO         1036    i.HAL_NVIC_SetPriority  stm32h7xx_hal_cortex.o
    0x080009c4   0x00000028   Code   RO         1037    i.HAL_NVIC_SetPriorityGrouping  stm32h7xx_hal_cortex.o
    0x080009ec   0x00000038   Code   RO         2060    i.HAL_RCCEx_GetD1SysClockFreq  stm32h7xx_hal_rcc_ex.o
    0x08000a24   0x0000002c   Code   RO         2061    i.HAL_RCCEx_GetD3PCLK1Freq  stm32h7xx_hal_rcc_ex.o
    0x08000a50   0x0000022c   Code   RO         2063    i.HAL_RCCEx_GetPLL2ClockFreq  stm32h7xx_hal_rcc_ex.o
    0x08000c7c   0x0000022c   Code   RO         2064    i.HAL_RCCEx_GetPLL3ClockFreq  stm32h7xx_hal_rcc_ex.o
    0x08000ea8   0x00000250   Code   RO         1951    i.HAL_RCC_ClockConfig  stm32h7xx_hal_rcc.o
    0x080010f8   0x00000038   Code   RO         1955    i.HAL_RCC_GetHCLKFreq  stm32h7xx_hal_rcc.o
    0x08001130   0x0000002c   Code   RO         1957    i.HAL_RCC_GetPCLK1Freq  stm32h7xx_hal_rcc.o
    0x0800115c   0x0000002c   Code   RO         1958    i.HAL_RCC_GetPCLK2Freq  stm32h7xx_hal_rcc.o
    0x08001188   0x00000244   Code   RO         1959    i.HAL_RCC_GetSysClockFreq  stm32h7xx_hal_rcc.o
    0x080013cc   0x000006c4   Code   RO         1962    i.HAL_RCC_OscConfig  stm32h7xx_hal_rcc.o
    0x08001a90   0x00000028   Code   RO         1039    i.HAL_SYSTICK_CLKSourceConfig  stm32h7xx_hal_cortex.o
    0x08001ab8   0x00000034   Code   RO         1041    i.HAL_SYSTICK_Config  stm32h7xx_hal_cortex.o
    0x08001aec   0x00000002   Code   RO         2574    i.HAL_UARTEx_WakeupCallback  stm32h7xx_hal_uart_ex.o
    0x08001aee   0x00000002   Code   RO         2238    i.HAL_UART_ErrorCallback  stm32h7xx_hal_uart.o
    0x08001af0   0x00000014   Code   RO         2240    i.HAL_UART_GetState  stm32h7xx_hal_uart.o
    0x08001b04   0x000001bc   Code   RO         2241    i.HAL_UART_IRQHandler  stm32h7xx_hal_uart.o
    0x08001cc0   0x00000078   Code   RO         2242    i.HAL_UART_Init     stm32h7xx_hal_uart.o
    0x08001d38   0x00000098   Code   RO          643    i.HAL_UART_MspInit  usart.o
    0x08001dd0   0x000000e0   Code   RO         2247    i.HAL_UART_Receive_IT  stm32h7xx_hal_uart.o
    0x08001eb0   0x00000088   Code   RO          644    i.HAL_UART_RxCpltCallback  usart.o
    0x08001f38   0x00000002   Code   RO         2253    i.HAL_UART_TxCpltCallback  stm32h7xx_hal_uart.o
    0x08001f3a   0x00000002   PAD
    0x08001f3c   0x00000068   Code   RO            4    i.HIGH              main.o
    0x08001fa4   0x00000004   Code   RO          388    i.HardFault_Handler  stm32h7xx_it.o
    0x08001fa8   0x000000a8   Code   RO         2927    i.KEY_Init          key.o
    0x08002050   0x000000d0   Code   RO         2928    i.KEY_Scan          key.o
    0x08002120   0x00000040   Code   RO         2898    i.LED_Init          led.o
    0x08002160   0x0000005c   Code   RO            5    i.LOW               main.o
    0x080021bc   0x00000004   Code   RO          389    i.MemManage_Handler  stm32h7xx_it.o
    0x080021c0   0x00000002   Code   RO          390    i.NMI_Handler       stm32h7xx_it.o
    0x080021c2   0x00000002   Code   RO          391    i.PendSV_Handler    stm32h7xx_it.o
    0x080021c4   0x00000010   Code   RO            6    i.RGB_LED_HIGH      main.o
    0x080021d4   0x00000010   Code   RO            7    i.RGB_LED_LOW       main.o
    0x080021e4   0x0000009c   Code   RO          585    i.SCB_EnableDCache  sys.o
    0x08002280   0x0000007c   Code   RO          586    i.SCB_EnableICache  sys.o
    0x080022fc   0x00000002   Code   RO          392    i.SVC_Handler       stm32h7xx_it.o
    0x080022fe   0x00000002   PAD
    0x08002300   0x000000f8   Code   RO          587    i.Stm32_Clock_Init  sys.o
    0x080023f8   0x00000008   Code   RO          393    i.SysTick_Handler   stm32h7xx_it.o
    0x08002400   0x00000094   Code   RO          467    i.SystemInit        system_stm32h7xx.o
    0x08002494   0x000000ea   Code   RO         2255    i.UART_AdvFeatureConfig  stm32h7xx_hal_uart.o
    0x0800257e   0x00000074   Code   RO         2256    i.UART_CheckIdleState  stm32h7xx_hal_uart.o
    0x080025f2   0x00000018   Code   RO         2257    i.UART_DMAAbortOnError  stm32h7xx_hal_uart.o
    0x0800260a   0x00000020   Code   RO         2267    i.UART_EndRxTransfer  stm32h7xx_hal_uart.o
    0x0800262a   0x00000020   Code   RO         2268    i.UART_EndTransmit_IT  stm32h7xx_hal_uart.o
    0x0800264a   0x0000008a   Code   RO         2270    i.UART_Receive_IT   stm32h7xx_hal_uart.o
    0x080026d4   0x000009a4   Code   RO         2271    i.UART_SetConfig    stm32h7xx_hal_uart.o
    0x08003078   0x00000082   Code   RO         2272    i.UART_Transmit_IT  stm32h7xx_hal_uart.o
    0x080030fa   0x0000006c   Code   RO         2273    i.UART_WaitOnFlagUntilTimeout  stm32h7xx_hal_uart.o
    0x08003166   0x00000002   PAD
    0x08003168   0x00000050   Code   RO          645    i.USART1_IRQHandler  usart.o
    0x080031b8   0x00000004   Code   RO          394    i.UsageFault_Handler  stm32h7xx_it.o
    0x080031bc   0x00000010   Code   RO         1043    i.__NVIC_GetPriorityGrouping  stm32h7xx_hal_cortex.o
    0x080031cc   0x00000028   Code   RO         1044    i.__NVIC_SetPriority  stm32h7xx_hal_cortex.o
    0x080031f4   0x00000004   Code   RO          646    i._sys_exit         usart.o
    0x080031f8   0x00000014   Code   RO          542    i.delay_init        delay.o
    0x0800320c   0x00000018   Code   RO          543    i.delay_ms          delay.o
    0x08003224   0x00000048   Code   RO          544    i.delay_us          delay.o
    0x0800326c   0x00000098   Code   RO            9    i.light             main.o
    0x08003304   0x000000e0   Code   RO           10    i.main              main.o
    0x080033e4   0x00000040   Code   RO           11    i.stay              main.o
    0x08003424   0x000000ce   Code   RO           12    i.two               main.o
    0x080034f2   0x00000002   PAD
    0x080034f4   0x00000038   Code   RO          648    i.uart_init         usart.o
    0x0800352c   0x0000008c   Code   RO           13    i.whole             main.o
    0x080035b8   0x0000000a   Code   RO         3070    x$fpl$fpinit        fz_wv.l(fpinit.o)
    0x080035c2   0x00000040   Data   RO          468    .constdata          system_stm32h7xx.o
    0x08003602   0x00000030   Data   RO         2274    .constdata          stm32h7xx_hal_uart.o
    0x08003632   0x00000002   PAD
    0x08003634   0x00000020   Data   RO         3126    Region$$Table       anon$$obj.o


    Execution Region RW_IRAM1 (Base: 0x20000000, Size: 0x00000000, Max: 0x00020000, ABSOLUTE)

    **** No section assigned to this execution region ****


    Execution Region RW_IRAM2 (Base: 0x24000000, Size: 0x00012308, Max: 0x00080000, ABSOLUTE, COMPRESSED[0x00000314])

    Base Addr    Size         Type   Attr      Idx    E Section Name        Object

    0x24000000   0x00005b40   Data   RW           16    .data               main.o
    0x24005b40   0x00000008   Data   RW          469    .data               system_stm32h7xx.o
    0x24005b48   0x00000004   Data   RW          546    .data               delay.o
    0x24005b4c   0x00000007   Data   RW          651    .data               usart.o
    0x24005b53   0x00000001   PAD
    0x24005b54   0x00000009   Data   RW          759    .data               stm32h7xx_hal.o
    0x24005b5d   0x00000001   Data   RW         2930    .data               key.o
    0x24005b5e   0x00000002   PAD
    0x24005b60   0x0000c000   Zero   RW           14    .bss                main.o
    0x24011b60   0x00000148   Zero   RW          649    .bss                usart.o
    0x24011ca8   0x00000060   Zero   RW         3002    .bss                c_w.l(libspace.o)
    0x24011d08   0x00000200   Zero   RW          533    HEAP                startup_stm32h743xx.o
    0x24011f08   0x00000400   Zero   RW          532    STACK               startup_stm32h743xx.o


==============================================================================

Image component sizes


      Code (inc. data)   RO Data    RW Data    ZI Data      Debug   Object Name

       116          8          0          4          0       2035   delay.o
       376         34          0          1          0       1726   key.o
        64          8          0          0          0        483   led.o
      1014         90          0      23360      49152    1177215   main.o
        64         26        664          0       1536        836   startup_stm32h743xx.o
       160         32          0          9          0       3999   stm32h7xx_hal.o
       342         22          0          0          0      39433   stm32h7xx_hal_cortex.o
       248         12          0          0          0       2087   stm32h7xx_hal_dma.o
       604         54          0          0          0       2523   stm32h7xx_hal_gpio.o
         2          0          0          0          0        454   stm32h7xx_hal_msp.o
      3048         86          0          0          0       6028   stm32h7xx_hal_rcc.o
      1212         70          0          0          0       3571   stm32h7xx_hal_rcc_ex.o
      4094        140         48          0          0      12956   stm32h7xx_hal_uart.o
         2          0          0          0          0        980   stm32h7xx_hal_uart_ex.o
        32          0          0          0          0       4122   stm32h7xx_it.o
       556         30          0          0          0      37333   sys.o
       148         18         64          8          0       1262   system_stm32h7xx.o
       428         56          0          7        328       4953   usart.o

    ----------------------------------------------------------------------
     12520        686        810      23392      51016    1301996   Object Totals
         0          0         32          0          0          0   (incl. Generated)
        10          0          2          3          0          0   (incl. Padding)

    ----------------------------------------------------------------------

      Code (inc. data)   RO Data    RW Data    ZI Data      Debug   Library Member Name

        90          0          0          0          0          0   __dczerorl2.o
         8          0          0          0          0         68   __main.o
         0          0          0          0          0          0   __rtentry.o
        12          0          0          0          0          0   __rtentry2.o
         6          0          0          0          0          0   __rtentry4.o
        52          8          0          0          0          0   __scatter.o
        28          0          0          0          0          0   __scatter_zi.o
        18          0          0          0          0         80   exit.o
         6          0          0          0          0        152   heapauxi.o
         2          0          0          0          0          0   libinit.o
         6          0          0          0          0          0   libinit2.o
         2          0          0          0          0          0   libshutdown.o
         2          0          0          0          0          0   libshutdown2.o
         8          4          0          0         96         68   libspace.o
       238          0          0          0          0        100   lludivv7m.o
         2          0          0          0          0          0   rtexit.o
        10          0          0          0          0          0   rtexit2.o
        74          0          0          0          0         80   sys_stackheap_outer.o
        10          0          0          0          0        116   fpinit.o

    ----------------------------------------------------------------------
       578         12          0          0         96        664   Library Totals
         4          0          0          0          0          0   (incl. Padding)

    ----------------------------------------------------------------------

      Code (inc. data)   RO Data    RW Data    ZI Data      Debug   Library Name

       564         12          0          0         96        548   c_w.l
        10          0          0          0          0        116   fz_wv.l

    ----------------------------------------------------------------------
       578         12          0          0         96        664   Library Totals

    ----------------------------------------------------------------------

==============================================================================


      Code (inc. data)   RO Data    RW Data    ZI Data      Debug   

     13098        698        810      23392      51112    1295656   Grand Totals
     13098        698        810        788      51112    1295656   ELF Image Totals (compressed)
     13098        698        810        788          0          0   ROM Totals

==============================================================================

    Total RO  Size (Code + RO Data)                13908 (  13.58kB)
    Total RW  Size (RW Data + ZI Data)             74504 (  72.76kB)
    Total ROM Size (Code + RO Data + RW Data)      14696 (  14.35kB)

==============================================================================

